
Allocating common symbols
Common symbol       size              file

netbufpool          0x4               binaries/net.o
readylist           0x2               binaries/ready.o
rfltab              0x5a0             binaries/rflinit.o
netportseed         0x8               binaries/net.o
sleepq              0x2               binaries/clkinit.o
nnames              0x4               binaries/naminit.o
udptab              0x168             binaries/udp.o
minheap             0x4               binaries/meminit.o
marks               0x50              binaries/mark.o
currpid             0x4               binaries/initialize.o
Lf_data             0x20c             binaries/lfsinit.o
porttab             0x2d0             binaries/ptinit.o
girmask             0x2               binaries/evec.o
ttytab              0x110             binaries/ttyinit.o
proctab             0x23f0            binaries/initialize.o
prcount             0x4               binaries/initialize.o
lfltab              0xf00             binaries/lflinit.o
rdstab              0x7c              binaries/rdsinit.o
ethertab            0x130             binaries/ethinit.o
NetData             0xb0              binaries/net.o
nmarks              0x4               binaries/mark.o
initsp              0x4               binaries/i386.o
Defer               0x8               binaries/resched.o
semtab              0x4b0             binaries/initialize.o
maxheap             0x4               binaries/meminit.o
preempt             0x4               binaries/clkinit.o
buftab              0xf0              binaries/bufinit.o
Rf_data             0x18              binaries/rfsinit.o
mkmutex             0x4               binaries/mark.o
ctr1000             0x4               binaries/clkinit.o
clktime             0x4               binaries/clkinit.o
arpcache            0x140             binaries/arp.o
icmptab             0x230             binaries/icmp.o
nbpools             0x4               binaries/bufinit.o
queuetab            0x980             binaries/queue.o
ptnextid            0x4               binaries/ptinit.o
Ram                 0x19000           binaries/raminit.o
ipoqueue            0x2c              binaries/ip.o
memlist             0x8               binaries/initialize.o
nametab             0x5200            binaries/naminit.o
ptfree              0x4               binaries/ptinit.o

Memory Configuration

Name             Origin             Length             Attributes
*default*        0x0000000000000000 0xffffffffffffffff

Linker script and memory map

                0x0000000000100000                physbase = 0x100000
                0x0000000000100000                . = physbase
                0x0000000000100000                . = ALIGN (0x1000)

.text           0x0000000000100000    0x1e000
                0x0000000000100000                text = ABSOLUTE (.)
 *(.text .text.*)
 .text          0x0000000000100000      0x165 binaries/start.o
                0x0000000000100020                entry
                0x000000000010003d                start
                0x00000000001000a5                inb
                0x00000000001000ad                inw
                0x00000000001000b6                inl
                0x00000000001000be                outb
                0x00000000001000c8                outw
                0x00000000001000d3                outl
                0x00000000001000dd                _rtcin
                0x00000000001000e8                ___udivsi3
                0x00000000001000f3                ___divsi3
                0x00000000001000ff                sbzero
                0x000000000010010f                bcopy
                0x0000000000100123                insw
                0x0000000000100139                outsw
                0x000000000010014f                lidt
                0x0000000000100157                jumptocode
                0x000000000010015e                jumptobootcode
 .text          0x0000000000100165      0x405 binaries/ascdate.o
                0x0000000000100165                ascdate
 .text          0x000000000010056a       0x14 binaries/bufinit.o
                0x000000000010056a                bufinit
 .text          0x000000000010057e       0x4f binaries/burst_execution.o
                0x000000000010057e                burst_execution
 .text          0x00000000001005cd       0x8f binaries/chprio.o
                0x00000000001005cd                chprio
 .text          0x000000000010065c      0x18e binaries/clkhandler.o
                0x000000000010065c                clkhandler
 .text          0x00000000001007ea       0x93 binaries/clkinit.o
                0x00000000001007ea                clkinit
 .text          0x000000000010087d       0x6a binaries/close.o
                0x000000000010087d                close
 .text          0x00000000001008e7        0x0 binaries/conf.o
 .text          0x00000000001008e7       0x7f binaries/control.o
                0x00000000001008e7                control
 .text          0x0000000000100966      0x561 binaries/create.o
                0x0000000000100966                create
                0x0000000000100be4                create_user_process
 .text          0x0000000000100ec7      0x36d binaries/evec.o
                0x0000000000100ec7                initevec
                0x0000000000100f1d                set_evec
                0x0000000000100fbf                trap
 .text          0x0000000000101234       0x15 binaries/exit.o
                0x0000000000101234                exit
 .text          0x0000000000101249       0x82 binaries/freebuf.o
                0x0000000000101249                freebuf
 .text          0x00000000001012cb      0x167 binaries/freemem.o
                0x00000000001012cb                freemem
 .text          0x0000000000101432       0x80 binaries/getbuf.o
                0x0000000000101432                getbuf
 .text          0x00000000001014b2       0x6a binaries/getc.o
                0x00000000001014b2                getc
 .text          0x000000000010151c       0x72 binaries/getdev.o
                0x000000000010151c                getdev
 .text          0x000000000010158e       0xc8 binaries/getitem.o
                0x000000000010158e                getfirst
                0x00000000001015cf                getlast
                0x0000000000101612                getitem
 .text          0x0000000000101656       0xfb binaries/getmem.o
                0x0000000000101656                getmem
 .text          0x0000000000101751        0xa binaries/getpid.o
                0x0000000000101751                getpid
 .text          0x000000000010175b       0x77 binaries/getprio.o
                0x000000000010175b                getprio
 .text          0x00000000001017d2       0xf2 binaries/getstk.o
                0x00000000001017d2                getstk
 .text          0x00000000001018c4       0x16 binaries/getticks.o
                0x00000000001018c4                getticks
 .text          0x00000000001018da       0x36 binaries/gettime.o
                0x00000000001018da                gettime
 .text          0x0000000000101910      0x1fd binaries/getutime.o
                0x0000000000101910                getutime
 .text          0x0000000000101b0d      0x409 binaries/i386.o
                0x0000000000101b0d                setsegs
                0x0000000000101c24                init8259
                0x0000000000101cf9                pseg
                0x0000000000101ebc                setirmask
 .text          0x0000000000101f16       0x6a binaries/init.o
                0x0000000000101f16                init
 .text          0x0000000000101f80      0x3ee binaries/initialize.o
                0x0000000000101f80                nulluser
                0x0000000000102319                stop
                0x0000000000102340                delay
 .text          0x000000000010236e       0xde binaries/insert.o
                0x000000000010236e                insert
 .text          0x000000000010244c      0x110 binaries/insertd.o
                0x000000000010244c                insertd
 .text          0x000000000010255c        0xa binaries/ioerr.o
                0x000000000010255c                ioerr
 .text          0x0000000000102566        0xa binaries/ionull.o
                0x0000000000102566                ionull
 .text          0x0000000000102570      0x1cf binaries/kill.o
                0x0000000000102570                kill
 .text          0x000000000010273f      0x1e8 binaries/kprintf.o
                0x000000000010273f                kputc
                0x00000000001027e8                kgetc
                0x000000000010288d                kprintf
                0x00000000001028ba                print_ready_list
 .text          0x0000000000102927     0x184c binaries/main.o
                0x0000000000102927                timed_execution
                0x000000000010294d                main
 .text          0x0000000000104173       0xac binaries/mark.o
                0x0000000000104173                markinit
                0x0000000000104196                mark
 .text          0x000000000010421f       0xca binaries/meminit.o
                0x000000000010421f                meminit
 .text          0x00000000001042e9      0x15f binaries/mkbufpool.o
                0x00000000001042e9                mkbufpool
 .text          0x0000000000104448       0x94 binaries/newqueue.o
                0x0000000000104448                newqueue
 .text          0x00000000001044dc       0x78 binaries/open.o
                0x00000000001044dc                open
 .text          0x0000000000104554       0x20 binaries/panic.o
                0x0000000000104554                panic
 .text          0x0000000000104574      0x498 binaries/pci.o
                0x0000000000104574                pci_init
                0x0000000000104840                find_pci_device
                0x000000000010488e                pci_bios_read_config_byte
                0x00000000001048cd                pci_bios_read_config_word
                0x000000000010490f                pci_bios_read_config_dword
                0x000000000010494e                pci_bios_write_config_byte
                0x000000000010498f                pci_bios_write_config_word
                0x00000000001049d1                pci_bios_write_config_dword
 .text          0x0000000000104a0c       0xe6 binaries/ptclear.o
                0x0000000000104a0c                _ptclear
 .text          0x0000000000104af2       0x8f binaries/ptcount.o
                0x0000000000104af2                ptcount
 .text          0x0000000000104b81      0x105 binaries/ptcreate.o
                0x0000000000104b81                ptcreate
 .text          0x0000000000104c86       0x80 binaries/ptdelete.o
                0x0000000000104c86                ptdelete
 .text          0x0000000000104d06       0xb7 binaries/ptinit.o
                0x0000000000104d06                ptinit
 .text          0x0000000000104dbd      0x10a binaries/ptrecv.o
                0x0000000000104dbd                ptrecv
 .text          0x0000000000104ec7       0x78 binaries/ptreset.o
                0x0000000000104ec7                ptreset
 .text          0x0000000000104f3f      0x128 binaries/ptsend.o
                0x0000000000104f3f                ptsend
 .text          0x0000000000105067       0x78 binaries/putc.o
                0x0000000000105067                putc
 .text          0x00000000001050df      0x10d binaries/queue.o
                0x00000000001050df                enqueue
                0x0000000000105183                dequeue
 .text          0x00000000001051ec       0x78 binaries/read.o
                0x00000000001051ec                read
 .text          0x0000000000105264       0x84 binaries/ready.o
                0x0000000000105264                ready
 .text          0x00000000001052e8       0x61 binaries/receive.o
                0x00000000001052e8                receive
 .text          0x0000000000105349       0x5d binaries/recvclr.o
                0x0000000000105349                recvclr
 .text          0x00000000001053a6       0xbc binaries/recvtime.o
                0x00000000001053a6                recvtime
 .text          0x0000000000105462      0x321 binaries/resched.o
                0x0000000000105462                resched
                0x00000000001056ff                resched_cntl
                0x0000000000105774                reset_timing
 .text          0x0000000000105783       0xa6 binaries/resume.o
                0x0000000000105783                resume
 .text          0x0000000000105829       0x71 binaries/seek.o
                0x0000000000105829                seek
 .text          0x000000000010589a       0x69 binaries/semcount.o
                0x000000000010589a                semcount
 .text          0x0000000000105903       0xcf binaries/semcreate.o
                0x0000000000105903                semcreate
 .text          0x00000000001059d2       0xba binaries/semdelete.o
                0x00000000001059d2                semdelete
 .text          0x0000000000105a8c       0xbc binaries/semreset.o
                0x0000000000105a8c                semreset
 .text          0x0000000000105b48       0xdc binaries/send.o
                0x0000000000105b48                send
 .text          0x0000000000105c24       0x97 binaries/signal.o
                0x0000000000105c24                signal
 .text          0x0000000000105cbb       0xc3 binaries/signaln.o
                0x0000000000105cbb                signaln
 .text          0x0000000000105d7e       0xe7 binaries/sleep.o
                0x0000000000105d7e                sleep
                0x0000000000105dc8                sleepms
 .text          0x0000000000105e65      0x1b3 binaries/stacktrace.o
                0x0000000000105e65                stacktrace
 .text          0x0000000000106018       0xdc binaries/suspend.o
                0x0000000000106018                suspend
 .text          0x00000000001060f4       0xde binaries/unsleep.o
                0x00000000001060f4                unsleep
 .text          0x00000000001061d2       0x15 binaries/userret.o
                0x00000000001061d2                userret
 .text          0x00000000001061e7       0xd5 binaries/wait.o
                0x00000000001061e7                wait
 .text          0x00000000001062bc       0x68 binaries/wakeup.o
                0x00000000001062bc                wakeup
 .text          0x0000000000106324       0x78 binaries/write.o
                0x0000000000106324                write
 .text          0x000000000010639c       0x19 binaries/xdone.o
                0x000000000010639c                xdone
 .text          0x00000000001063b5       0x25 binaries/yield.o
                0x00000000001063b5                yield
 .text          0x00000000001063da       0x11 binaries/abs.o
                0x00000000001063da                abs
 .text          0x00000000001063eb       0x8f binaries/atoi.o
                0x00000000001063eb                atoi
 .text          0x000000000010647a       0x8f binaries/atol.o
                0x000000000010647a                atol
 .text          0x0000000000106509       0x31 binaries/bzero.o
                0x0000000000106509                bzero
 .text          0x000000000010653a        0x0 binaries/ctype_.o
 .text          0x000000000010653a      0x8f8 binaries/doprnt.o
                0x000000000010653a                _doprnt
 .text          0x0000000000106e32      0x6a2 binaries/doscan.o
                0x0000000000106e32                _doscan
 .text          0x00000000001074d4      0x723 binaries/fdoprnt.o
                0x00000000001074d4                _fdoprnt
 .text          0x0000000000107bf7       0x26 binaries/fgetc.o
                0x0000000000107bf7                fgetc
 .text          0x0000000000107c1d       0x72 binaries/fgets.o
                0x0000000000107c1d                fgets
 .text          0x0000000000107c8f       0x34 binaries/fprintf.o
                0x0000000000107c8f                fprintf
 .text          0x0000000000107cc3       0x2c binaries/fputc.o
                0x0000000000107cc3                fputc
 .text          0x0000000000107cef       0x43 binaries/fputs.o
                0x0000000000107cef                fputs
 .text          0x0000000000107d32       0x92 binaries/fscanf.o
                0x0000000000107d32                fscanf
 .text          0x0000000000107dc4       0x2e binaries/getchar.o
                0x0000000000107dc4                getchar
 .text          0x0000000000107df2       0x11 binaries/labs.o
                0x0000000000107df2                labs
 .text          0x0000000000107e03       0x51 binaries/memcmp.o
                0x0000000000107e03                memcmp
 .text          0x0000000000107e54       0x3f binaries/memcpy.o
                0x0000000000107e54                memcpy
 .text          0x0000000000107e93       0x30 binaries/memset.o
                0x0000000000107e93                memset
 .text          0x0000000000107ec3       0x51 binaries/printf.o
                0x0000000000107ec3                printf
 .text          0x0000000000107f14       0x35 binaries/putchar.o
                0x0000000000107f14                putchar
 .text          0x0000000000107f49      0x28c binaries/qsort.o
                0x0000000000107f49                qsort
 .text          0x00000000001081d5       0x5f binaries/rand.o
                0x00000000001081d5                rand
                0x00000000001081e9                rand_r
                0x0000000000108227                srand
 .text          0x0000000000108234       0x6f binaries/sprintf.o
                0x0000000000108234                sprintf
 .text          0x00000000001082a3       0x7f binaries/sscanf.o
                0x00000000001082a3                sscanf
 .text          0x0000000000108322       0x3c binaries/strchr.o
                0x0000000000108322                strchr
 .text          0x000000000010835e       0x45 binaries/strcmp.o
                0x000000000010835e                strcmp
 .text          0x00000000001083a3       0x27 binaries/strcpy.o
                0x00000000001083a3                strcpy
 .text          0x00000000001083ca       0x26 binaries/strlen.o
                0x00000000001083ca                strlen
 .text          0x00000000001083f0       0x56 binaries/strncat.o
                0x00000000001083f0                strncat
 .text          0x0000000000108446       0x5e binaries/strncmp.o
                0x0000000000108446                strncmp
 .text          0x00000000001084a4       0x4f binaries/strncpy.o
                0x00000000001084a4                strncpy
 .text          0x00000000001084f3       0x2e binaries/strnlen.o
                0x00000000001084f3                strnlen
 .text          0x0000000000108521       0x45 binaries/strrchr.o
                0x0000000000108521                strrchr
 .text          0x0000000000108566       0x6d binaries/strstr.o
                0x0000000000108566                strstr
 .text          0x00000000001085d3       0xd8 binaries/ttycontrol.o
                0x00000000001085d3                ttycontrol
 .text          0x00000000001086ab       0x93 binaries/ttygetc.o
                0x00000000001086ab                ttygetc
 .text          0x000000000010873e      0x756 binaries/ttyhandle_in.o
                0x000000000010873e                ttyhandle_in
 .text          0x0000000000108e94      0x19f binaries/ttyhandle_out.o
                0x0000000000108e94                ttyhandle_out
 .text          0x0000000000109033       0xc6 binaries/ttyhandler.o
                0x0000000000109033                ttyhandler
 .text          0x00000000001090f9      0x22b binaries/ttyinit.o
                0x00000000001090f9                ttyinit
 .text          0x0000000000109324       0x1d binaries/ttykickout.o
                0x0000000000109324                ttykickout
 .text          0x0000000000109341       0xb2 binaries/ttyputc.o
                0x0000000000109341                ttyputc
 .text          0x00000000001093f3      0x10f binaries/ttyread.o
                0x00000000001093f3                ttyread
 .text          0x0000000000109502       0x4f binaries/ttywrite.o
                0x0000000000109502                ttywrite
 .text          0x0000000000109551      0x16a binaries/mount.o
                0x0000000000109551                mount
                0x0000000000109685                namlen
 .text          0x00000000001096bb      0x229 binaries/naminit.o
                0x00000000001096bb                naminit
 .text          0x00000000001098e4      0x216 binaries/nammap.o
                0x00000000001098e4                nammap
                0x0000000000109975                namrepl
                0x0000000000109aaa                namcpy
 .text          0x0000000000109afa       0x55 binaries/namopen.o
                0x0000000000109afa                namopen
 .text          0x0000000000109b4f      0xfa3 binaries/82545EMInit.o
                0x0000000000109ba6                _82545EMInit
                0x000000000010a94c                _82545EM_read_phy_reg
                0x000000000010aa1b                _82545EM_write_phy_reg
 .text          0x000000000010aaf2      0x24c binaries/ethcontrol.o
                0x000000000010ab49                ethcontrol
                0x000000000010acc6                ethIrqDisable
                0x000000000010ad02                ethIrqEnable
 .text          0x000000000010ad3e      0x241 binaries/ethhandler.o
                0x000000000010aeaf                ethhandler
 .text          0x000000000010af7f      0x122 binaries/ethinit.o
                0x000000000010af7f                ethinit
 .text          0x000000000010b0a1      0x1f0 binaries/ethread.o
                0x000000000010b0f8                ethread
 .text          0x000000000010b291      0x19a binaries/ethwrite.o
                0x000000000010b2e8                ethwrite
 .text          0x000000000010b42b      0x2c1 binaries/rdscomm.o
                0x000000000010b42b                rdscomm
 .text          0x000000000010b6ec      0x21b binaries/rdscontrol.o
                0x000000000010b6ec                rdscontrol
 .text          0x000000000010b907       0x4e binaries/rdsinit.o
                0x000000000010b907                rdsinit
 .text          0x000000000010b955      0x385 binaries/rdsopen.o
                0x000000000010b955                rdsopen
 .text          0x000000000010bcda      0x40d binaries/rdsprocess.o
                0x000000000010bcda                rdsprocess
 .text          0x000000000010c0e7      0x5b2 binaries/rdsqfcns.o
                0x000000000010c0e7                rdqunlink
                0x000000000010c189                rdqinsert
                0x000000000010c1de                rdcunlink
                0x000000000010c288                rdcinsert
                0x000000000010c369                edqdump
                0x000000000010c525                edcdump
 .text          0x000000000010c699      0x1d7 binaries/rdsread.o
                0x000000000010c699                rdsread
 .text          0x000000000010c870       0x5c binaries/rdssetprio.o
                0x000000000010c870                rdssetprio
 .text          0x000000000010c8cc      0x117 binaries/rdswrite.o
                0x000000000010c8cc                rdswrite
 .text          0x000000000010c9e3        0xa binaries/ramclose.o
                0x000000000010c9e3                ramclose
 .text          0x000000000010c9ed       0x45 binaries/raminit.o
                0x000000000010c9ed                raminit
 .text          0x000000000010ca32        0xa binaries/ramopen.o
                0x000000000010ca32                ramopen
 .text          0x000000000010ca3c       0x35 binaries/ramread.o
                0x000000000010ca3c                ramread
 .text          0x000000000010ca71       0x36 binaries/ramwrite.o
                0x000000000010ca71                ramwrite
 .text          0x000000000010caa7       0x9e binaries/lfdballoc.o
                0x000000000010caa7                lfdballoc
 .text          0x000000000010cb45       0x62 binaries/lfdbfree.o
                0x000000000010cb45                lfdbfree
 .text          0x000000000010cba7       0xbf binaries/lfflush.o
                0x000000000010cba7                lfflush
 .text          0x000000000010cc66       0xd8 binaries/lfgetmode.o
                0x000000000010cc66                lfgetmode
 .text          0x000000000010cd3e       0x6c binaries/lfiballoc.o
                0x000000000010cd3e                lfiballoc
 .text          0x000000000010cdaa       0x3b binaries/lfibclear.o
                0x000000000010cdaa                lfibclear
 .text          0x000000000010cde5       0xae binaries/lfibget.o
                0x000000000010cde5                lfibget
 .text          0x000000000010ce93       0xe0 binaries/lfibput.o
                0x000000000010ce93                lfibput
 .text          0x000000000010cf73       0x93 binaries/lflclose.o
                0x000000000010cf73                lflclose
 .text          0x000000000010d006       0xb5 binaries/lflcontrol.o
                0x000000000010d006                lflcontrol
 .text          0x000000000010d0bb       0xdf binaries/lflgetc.o
                0x000000000010d0bb                lflgetc
 .text          0x000000000010d19a       0xfb binaries/lflinit.o
                0x000000000010d19a                lflinit
 .text          0x000000000010d295      0x10f binaries/lflputc.o
                0x000000000010d295                lflputc
 .text          0x000000000010d3a4       0x6d binaries/lflread.o
                0x000000000010d3a4                lflread
 .text          0x000000000010d411       0x9c binaries/lflseek.o
                0x000000000010d411                lflseek
 .text          0x000000000010d4ad       0x55 binaries/lflwrite.o
                0x000000000010d4ad                lflwrite
 .text          0x000000000010d502       0x62 binaries/lfscheck.o
                0x000000000010d502                lfscheck
 .text          0x000000000010d564      0x176 binaries/lfsckfmt.o
                0x000000000010d564                lfsckfmt
 .text          0x000000000010d6da      0x221 binaries/lfscreate.o
                0x000000000010d6da                lfscreate
 .text          0x000000000010d8fb      0x282 binaries/lfsetup.o
                0x000000000010d8fb                lfsetup
 .text          0x000000000010db7d       0x55 binaries/lfsinit.o
                0x000000000010db7d                lfsinit
 .text          0x000000000010dbd2      0x3cb binaries/lfsopen.o
                0x000000000010dbd2                lfsopen
 .text          0x000000000010df9d      0x161 binaries/lftruncate.o
                0x000000000010df9d                lftruncate
 .text          0x000000000010e0fe      0x1a5 binaries/rflclose.o
                0x000000000010e0fe                rflclose
 .text          0x000000000010e2a3       0x5d binaries/rflgetc.o
                0x000000000010e2a3                rflgetc
 .text          0x000000000010e300       0x76 binaries/rflinit.o
                0x000000000010e300                rflinit
 .text          0x000000000010e376       0x39 binaries/rflputc.o
                0x000000000010e376                rflputc
 .text          0x000000000010e3af      0x386 binaries/rflread.o
                0x000000000010e3af                rflread
 .text          0x000000000010e735       0x68 binaries/rflseek.o
                0x000000000010e735                rflseek
 .text          0x000000000010e79d      0x336 binaries/rflwrite.o
                0x000000000010e79d                rflwrite
 .text          0x000000000010ead3      0x22f binaries/rfscomm.o
                0x000000000010ead3                rfscomm
 .text          0x000000000010ed02      0x258 binaries/rfscontrol.o
                0x000000000010ed02                rfscontrol
 .text          0x000000000010ef5a       0xd8 binaries/rfsgetmode.o
                0x000000000010ef5a                rfsgetmode
 .text          0x000000000010f032       0x61 binaries/rfsinit.o
                0x000000000010f032                rfsinit
 .text          0x000000000010f093      0x128 binaries/rfsndmsg.o
                0x000000000010f093                rfsndmsg
 .text          0x000000000010f1bb      0x28d binaries/rfsopen.o
                0x000000000010f1bb                rfsopen
 .text          0x000000000010f448      0x855 binaries/arp.o
                0x000000000010f448                arp_init
                0x000000000010f47a                arp_resolve
                0x000000000010f747                arp_in
                0x000000000010f9f9                arp_alloc
                0x000000000010fac5                arp_ntoh
                0x000000000010fbb1                arp_hton
 .text          0x000000000010fc9d      0x947 binaries/dhcp.o
                0x000000000010fc9d                dhcp_get_opt_val
                0x000000000010fcf6                dhcp_bld_bootp_msg
                0x000000000010fe20                dhcp_bld_disc
                0x000000000010ff06                dhcp_bld_req
                0x0000000000110083                getlocalip
 .text          0x00000000001105e4      0x6e3 binaries/dns.o
                0x00000000001105e4                dnslookup
 .text          0x0000000000110cc7       0xe0 binaries/dot2ip.o
                0x0000000000110cc7                dot2ip
 .text          0x0000000000110da7      0x468 binaries/hexdump.o
                0x0000000000110da7                hexdump
                0x0000000000110f2a                hexadump
 .text          0x000000000011120f      0x8c4 binaries/icmp.o
                0x000000000011120f                icmp_init
                0x0000000000111245                icmp_in
                0x000000000011144d                icmp_register
                0x000000000011153f                icmp_recv
                0x00000000001116b8                icmp_send
                0x000000000011174d                icmp_mkpkt
                0x0000000000111868                icmp_release
                0x0000000000111958                icmp_cksum
                0x00000000001119eb                icmp_hton
                0x0000000000111a5f                icmp_ntoh
 .text          0x0000000000111ad3      0x81d binaries/ip.o
                0x0000000000111ad3                ip_in
                0x0000000000111c1f                ip_send
                0x0000000000111d61                ip_local
                0x0000000000111da4                ip_out
                0x0000000000111ed1                ipcksum
                0x0000000000111f57                ip_ntoh
                0x0000000000112043                ip_hton
                0x000000000011212f                ipout
                0x0000000000112251                ip_enqueue
 .text          0x00000000001122f0      0x2ed binaries/net.o
                0x00000000001122f0                net_init
                0x0000000000112448                netin
                0x00000000001124f4                eth_hton
                0x000000000011251e                eth_ntoh
                0x0000000000112548                getport
 .text          0x00000000001125dd     0x1539 binaries/pdump.o
                0x00000000001125dd                pdump
                0x00000000001133f9                pdumph
 .text          0x0000000000113b16      0x64a binaries/tftp.o
                0x0000000000113b16                tftp_send1
                0x0000000000113ca6                tftpget
                0x0000000000113ce8                tftpget_mb
 .text          0x0000000000114160      0xb08 binaries/udp.o
                0x0000000000114160                udp_init
                0x0000000000114194                udp_in
                0x00000000001142cf                udp_register
                0x0000000000114403                udp_recv
                0x0000000000114589                udp_recvaddr
                0x0000000000114727                udp_send
                0x00000000001148f6                udp_sendto
                0x0000000000114a91                udp_release
                0x0000000000114b7e                udp_ntoh
                0x0000000000114bf3                udp_hton
 .text          0x0000000000114c68      0x138 binaries/addargs.o
                0x0000000000114c68                addargs
 .text          0x0000000000114da0      0x2c9 binaries/lexan.o
                0x0000000000114da0                lexan
 .text          0x0000000000115069      0x6ef binaries/shell.o
                0x0000000000115069                shell
 .text          0x0000000000115758       0x68 binaries/xsh_argecho.o
                0x0000000000115758                xsh_argecho
 .text          0x00000000001157c0      0x23a binaries/xsh_arp.o
                0x00000000001157c0                xsh_arp
 .text          0x00000000001159fa      0x25d binaries/xsh_cat.o
                0x00000000001159fa                xsh_cat
 .text          0x0000000000115c57       0x5d binaries/xsh_clear.o
                0x0000000000115c57                xsh_clear
 .text          0x0000000000115cb4      0x2f4 binaries/xsh_date.o
                0x0000000000115cb4                xsh_date
 .text          0x0000000000115fa8       0xaf binaries/xsh_devdump.o
                0x0000000000115fa8                xsh_devdump
 .text          0x0000000000116057       0x6c binaries/xsh_echo.o
                0x0000000000116057                xsh_echo
 .text          0x00000000001160c3        0xa binaries/xsh_exit.o
                0x00000000001160c3                xsh_exit
 .text          0x00000000001160cd      0x370 binaries/xsh_help.o
                0x00000000001160cd                xsh_help
 .text          0x000000000011643d      0x246 binaries/xsh_kill.o
                0x000000000011643d                xsh_kill
 .text          0x0000000000116683      0x559 binaries/xsh_ls.o
                0x0000000000116683                xsh_ls
 .text          0x0000000000116bdc      0x522 binaries/xsh_memdump.o
                0x0000000000116bdc                xsh_memdump
 .text          0x00000000001170fe      0x2a1 binaries/xsh_memstat.o
                0x00000000001170fe                xsh_memstat
 .text          0x000000000011739f      0x5be binaries/xsh_netinfo.o
                0x000000000011739f                xsh_netinfo
 .text          0x000000000011795d      0x608 binaries/xsh_ns.o
                0x000000000011795d                xsh_ns
 .text          0x0000000000117f65      0x3e7 binaries/xsh_ping.o
                0x0000000000117f65                xsh_ping
 .text          0x000000000011834c      0x265 binaries/xsh_ps.o
                0x000000000011834c                xsh_ps
 .text          0x00000000001185b1      0x223 binaries/xsh_sleep.o
                0x00000000001185b1                xsh_sleep
 .text          0x00000000001187d4      0x2ba binaries/xsh_udpdump.o
                0x00000000001187d4                xsh_udpdump
 .text          0x0000000000118a8e      0x5a8 binaries/xsh_udpecho.o
                0x0000000000118a8e                xsh_udpecho
 .text          0x0000000000119036      0x2e1 binaries/xsh_udpserver.o
                0x0000000000119036                xsh_udpeserver
 .text          0x0000000000119317      0x1e5 binaries/xsh_uptime.o
                0x0000000000119317                xsh_uptime
 .text          0x00000000001194fc        0xe binaries/clkdisp.o
                0x00000000001194fc                clkdisp
 .text          0x000000000011950a       0x19 binaries/ctxsw.o
                0x000000000011950a                ctxsw
 .text          0x0000000000119523      0x368 binaries/intr.o
                0x0000000000119523                disable
                0x000000000011952c                restore
                0x000000000011953a                enable
                0x000000000011953c                pause
                0x0000000000119543                halt
                0x0000000000119546                spurious_irq7
                0x000000000011954b                spurious_irq15
                0x000000000011955a                _Xint0
                0x0000000000119565                _Xint1
                0x0000000000119570                _Xint2
                0x000000000011957b                _Xint3
                0x0000000000119586                _Xint4
                0x0000000000119591                _Xint5
                0x000000000011959c                _Xint6
                0x00000000001195a7                _Xint7
                0x00000000001195b2                _Xint8
                0x00000000001195bd                _Xint9
                0x00000000001195c8                _Xint10
                0x00000000001195d3                _Xint11
                0x00000000001195e1                _Xint12
                0x00000000001195ef                _Xint13
                0x00000000001195fd                _Xint14
                0x000000000011960b                _Xint15
                0x0000000000119619                _Xint16
                0x0000000000119627                _Xint17
                0x0000000000119635                _Xint18
                0x0000000000119643                _Xint19
                0x0000000000119651                _Xint20
                0x000000000011965f                _Xint21
                0x000000000011966d                _Xint22
                0x000000000011967b                _Xint23
                0x0000000000119689                _Xint24
                0x0000000000119697                _Xint25
                0x00000000001196a5                _Xint26
                0x00000000001196b3                _Xint27
                0x00000000001196c1                _Xint28
                0x00000000001196cf                _Xint29
                0x00000000001196dd                _Xint30
                0x00000000001196eb                _Xint31
                0x00000000001196f9                _Xint32
                0x0000000000119707                _Xint33
                0x0000000000119715                _Xint34
                0x0000000000119723                _Xint35
                0x0000000000119731                _Xint36
                0x000000000011973f                _Xint37
                0x000000000011974d                _Xint38
                0x000000000011975b                _Xint39
                0x0000000000119769                _Xint40
                0x0000000000119777                _Xint41
                0x0000000000119785                _Xint42
                0x0000000000119793                _Xint43
                0x00000000001197a1                _Xint44
                0x00000000001197af                _Xint45
                0x00000000001197bd                _Xint46
                0x00000000001197cb                defevec
 .text          0x000000000011988b        0xf binaries/ttydispatch.o
                0x000000000011988b                ttydispatch
 .text          0x000000000011989a       0x13 binaries/ethdispatch.o
                0x000000000011989a                ethdispatch
 *(.rodata .rodata.*)
 *fill*         0x00000000001198ad        0x3 
 .rodata        0x00000000001198b0       0x8e binaries/ascdate.o
 .rodata        0x000000000011993e       0xae binaries/conf.o
 .rodata        0x00000000001199ec      0x22f binaries/evec.o
 *fill*         0x0000000000119c1b        0x1 
 .rodata        0x0000000000119c1c       0x61 binaries/getutime.o
 *fill*         0x0000000000119c7d        0x3 
 .rodata        0x0000000000119c80       0x90 binaries/i386.o
 .rodata        0x0000000000119d10      0x186 binaries/initialize.o
 *fill*         0x0000000000119e96        0x2 
 .rodata        0x0000000000119e98       0x20 binaries/kill.o
 .rodata        0x0000000000119eb8       0x1b binaries/kprintf.o
 *fill*         0x0000000000119ed3        0x1 
 .rodata        0x0000000000119ed4      0x477 binaries/main.o
 .rodata        0x000000000011a34b        0xf binaries/panic.o
 *fill*         0x000000000011a35a        0x2 
 .rodata        0x000000000011a35c      0x1ec binaries/pci.o
 .rodata        0x000000000011a548       0x1d binaries/ptinit.o
 *fill*         0x000000000011a565        0x3 
 .rodata        0x000000000011a568       0x25 binaries/ptsend.o
 *fill*         0x000000000011a58d        0x3 
 .rodata        0x000000000011a590       0xb7 binaries/stacktrace.o
 *fill*         0x000000000011a647        0x1 
 .rodata        0x000000000011a648       0x27 binaries/xdone.o
 *fill*         0x000000000011a66f       0x11 
 .rodata        0x000000000011a680       0x81 binaries/ctype_.o
                0x000000000011a680                _ctype_
 *fill*         0x000000000011a701        0x3 
 .rodata        0x000000000011a704       0xee binaries/doprnt.o
 *fill*         0x000000000011a7f2        0x2 
 .rodata        0x000000000011a7f4       0x98 binaries/doscan.o
 .rodata        0x000000000011a88c       0xae binaries/fdoprnt.o
 *fill*         0x000000000011a93a        0x2 
 .rodata        0x000000000011a93c       0x20 binaries/ttycontrol.o
 .rodata        0x000000000011a95c       0x34 binaries/ttyhandler.o
 .rodata        0x000000000011a990       0x14 binaries/mount.o
 .rodata        0x000000000011a9a4       0x82 binaries/naminit.o
 *fill*         0x000000000011aa26        0x2 
 .rodata        0x000000000011aa28       0x2e binaries/82545EMInit.o
 *fill*         0x000000000011aa56        0x2 
 .rodata        0x000000000011aa58       0x78 binaries/ethinit.o
 .rodata        0x000000000011aad0       0x18 binaries/ethread.o
 .rodata        0x000000000011aae8       0x76 binaries/rdscomm.o
 *fill*         0x000000000011ab5e        0x2 
 .rodata        0x000000000011ab60       0x21 binaries/rdscontrol.o
 *fill*         0x000000000011ab81        0x3 
 .rodata        0x000000000011ab84       0xae binaries/rdsopen.o
 *fill*         0x000000000011ac32        0x2 
 .rodata        0x000000000011ac34       0x3e binaries/rdsprocess.o
 *fill*         0x000000000011ac72        0x2 
 .rodata        0x000000000011ac74       0xe2 binaries/rdsqfcns.o
 .rodata        0x000000000011ad56        0x9 binaries/raminit.o
 *fill*         0x000000000011ad5f        0x1 
 .rodata        0x000000000011ad60       0x36 binaries/lfdballoc.o
 .rodata        0x000000000011ad96       0x14 binaries/lfiballoc.o
 *fill*         0x000000000011adaa        0x2 
 .rodata        0x000000000011adac       0x22 binaries/lflcontrol.o
 *fill*         0x000000000011adce        0x2 
 .rodata        0x000000000011add0      0x118 binaries/lfsckfmt.o
 .rodata        0x000000000011aee8       0x66 binaries/lfsopen.o
 *fill*         0x000000000011af4e        0x2 
 .rodata        0x000000000011af50       0x21 binaries/rflclose.o
 *fill*         0x000000000011af71        0x3 
 .rodata        0x000000000011af74       0x21 binaries/rflread.o
 *fill*         0x000000000011af95        0x3 
 .rodata        0x000000000011af98       0x21 binaries/rflwrite.o
 *fill*         0x000000000011afb9        0x3 
 .rodata        0x000000000011afbc       0xa1 binaries/rfscomm.o
 *fill*         0x000000000011b05d        0x3 
 .rodata        0x000000000011b060       0x3c binaries/rfscontrol.o
 .rodata        0x000000000011b09c       0x2b binaries/rfsinit.o
 *fill*         0x000000000011b0c7        0x1 
 .rodata        0x000000000011b0c8       0x2a binaries/rfsndmsg.o
 *fill*         0x000000000011b0f2        0x2 
 .rodata        0x000000000011b0f4       0x21 binaries/rfsopen.o
 *fill*         0x000000000011b115        0x3 
 .rodata        0x000000000011b118       0x3a binaries/arp.o
 *fill*         0x000000000011b152        0x2 
 .rodata        0x000000000011b154       0xcf binaries/dhcp.o
 .rodata        0x000000000011b223       0x24 binaries/dns.o
 *fill*         0x000000000011b247        0x1 
 .rodata        0x000000000011b248       0xc9 binaries/hexdump.o
 *fill*         0x000000000011b311        0x3 
 .rodata        0x000000000011b314       0x29 binaries/icmp.o
 *fill*         0x000000000011b33d        0x3 
 .rodata        0x000000000011b340       0x52 binaries/ip.o
 *fill*         0x000000000011b392        0x2 
 .rodata        0x000000000011b394       0x4f binaries/net.o
 *fill*         0x000000000011b3e3        0x1 
 .rodata        0x000000000011b3e4      0x26f binaries/pdump.o
 *fill*         0x000000000011b653        0x1 
 .rodata        0x000000000011b654      0x154 binaries/tftp.o
 *fill*         0x000000000011b7a8       0x18 
 .rodata        0x000000000011b7c0      0x3f9 binaries/shell.o
                0x000000000011b860                cmdtab
 .rodata        0x000000000011bbb9       0x28 binaries/xsh_argecho.o
 *fill*         0x000000000011bbe1        0x3 
 .rodata        0x000000000011bbe4      0x123 binaries/xsh_arp.o
 *fill*         0x000000000011bd07        0x1 
 .rodata        0x000000000011bd08       0xc9 binaries/xsh_cat.o
 .rodata        0x000000000011bdd1       0x19 binaries/xsh_clear.o
 *fill*         0x000000000011bdea        0x2 
 .rodata        0x000000000011bdec      0x1c3 binaries/xsh_date.o
 .rodata        0x000000000011bfaf       0x5d binaries/xsh_devdump.o
 .rodata        0x000000000011c00c        0x9 binaries/xsh_echo.o
 *fill*         0x000000000011c015        0x3 
 .rodata        0x000000000011c018      0x169 binaries/xsh_help.o
 *fill*         0x000000000011c181        0x3 
 .rodata        0x000000000011c184      0x12e binaries/xsh_kill.o
 *fill*         0x000000000011c2b2        0x2 
 .rodata        0x000000000011c2b4      0x190 binaries/xsh_ls.o
 .rodata        0x000000000011c444      0x266 binaries/xsh_memdump.o
 *fill*         0x000000000011c6aa        0x2 
 .rodata        0x000000000011c6ac      0x225 binaries/xsh_memstat.o
 *fill*         0x000000000011c8d1        0x3 
 .rodata        0x000000000011c8d4      0x1b0 binaries/xsh_netinfo.o
 *fill*         0x000000000011ca84       0x1c 
 .rodata        0x000000000011caa0      0x340 binaries/xsh_ns.o
 .rodata        0x000000000011cde0      0x19d binaries/xsh_ping.o
 *fill*         0x000000000011cf7d        0x3 
 .rodata        0x000000000011cf80      0x1e0 binaries/xsh_ps.o
 .rodata        0x000000000011d160       0xeb binaries/xsh_sleep.o
 *fill*         0x000000000011d24b        0x1 
 .rodata        0x000000000011d24c      0x1b8 binaries/xsh_udpdump.o
 .rodata        0x000000000011d404      0x27d binaries/xsh_udpecho.o
 *fill*         0x000000000011d681        0x3 
 .rodata        0x000000000011d684      0x12b binaries/xsh_udpserver.o
 *fill*         0x000000000011d7af        0x1 
 .rodata        0x000000000011d7b0      0x105 binaries/xsh_uptime.o
                0x000000000011d8b5                etext = ABSOLUTE (.)
                0x000000000011e000                . = ALIGN (0x1000)
 *fill*         0x000000000011d8b5      0x74b 

.eh_frame       0x000000000011e000     0x2e00
 .eh_frame      0x000000000011e000       0x40 binaries/ascdate.o
 .eh_frame      0x000000000011e040       0x20 binaries/bufinit.o
                                         0x38 (size before relaxing)
 .eh_frame      0x000000000011e060       0x20 binaries/burst_execution.o
                                         0x38 (size before relaxing)
 .eh_frame      0x000000000011e080       0x20 binaries/chprio.o
                                         0x38 (size before relaxing)
 .eh_frame      0x000000000011e0a0       0x20 binaries/clkhandler.o
                                         0x38 (size before relaxing)
 .eh_frame      0x000000000011e0c0       0x20 binaries/clkinit.o
                                         0x38 (size before relaxing)
 .eh_frame      0x000000000011e0e0       0x20 binaries/close.o
                                         0x38 (size before relaxing)
 .eh_frame      0x000000000011e100       0x20 binaries/control.o
                                         0x38 (size before relaxing)
 .eh_frame      0x000000000011e120       0x60 binaries/create.o
                                         0x78 (size before relaxing)
 .eh_frame      0x000000000011e180       0x60 binaries/evec.o
                                         0x78 (size before relaxing)
 .eh_frame      0x000000000011e1e0       0x20 binaries/exit.o
                                         0x38 (size before relaxing)
 .eh_frame      0x000000000011e200       0x20 binaries/freebuf.o
                                         0x38 (size before relaxing)
 .eh_frame      0x000000000011e220       0x20 binaries/freemem.o
                                         0x38 (size before relaxing)
 .eh_frame      0x000000000011e240       0x20 binaries/getbuf.o
                                         0x38 (size before relaxing)
 .eh_frame      0x000000000011e260       0x20 binaries/getc.o
                                         0x38 (size before relaxing)
 .eh_frame      0x000000000011e280       0x20 binaries/getdev.o
                                         0x38 (size before relaxing)
 .eh_frame      0x000000000011e2a0       0x60 binaries/getitem.o
                                         0x78 (size before relaxing)
 .eh_frame      0x000000000011e300       0x20 binaries/getmem.o
                                         0x38 (size before relaxing)
 .eh_frame      0x000000000011e320       0x20 binaries/getpid.o
                                         0x38 (size before relaxing)
 .eh_frame      0x000000000011e340       0x20 binaries/getprio.o
                                         0x38 (size before relaxing)
 .eh_frame      0x000000000011e360       0x20 binaries/getstk.o
                                         0x38 (size before relaxing)
 .eh_frame      0x000000000011e380       0x20 binaries/getticks.o
                                         0x38 (size before relaxing)
 .eh_frame      0x000000000011e3a0       0x20 binaries/gettime.o
                                         0x38 (size before relaxing)
 .eh_frame      0x000000000011e3c0       0x20 binaries/getutime.o
                                         0x38 (size before relaxing)
 .eh_frame      0x000000000011e3e0       0x8c binaries/i386.o
                                         0xa4 (size before relaxing)
 .eh_frame      0x000000000011e46c       0x20 binaries/init.o
                                         0x38 (size before relaxing)
 .eh_frame      0x000000000011e48c       0xa0 binaries/initialize.o
                                         0xb8 (size before relaxing)
 .eh_frame      0x000000000011e52c       0x20 binaries/insert.o
                                         0x38 (size before relaxing)
 .eh_frame      0x000000000011e54c       0x20 binaries/insertd.o
                                         0x38 (size before relaxing)
 .eh_frame      0x000000000011e56c       0x20 binaries/ioerr.o
                                         0x38 (size before relaxing)
 .eh_frame      0x000000000011e58c       0x20 binaries/ionull.o
                                         0x38 (size before relaxing)
 .eh_frame      0x000000000011e5ac       0x28 binaries/kill.o
                                         0x40 (size before relaxing)
 .eh_frame      0x000000000011e5d4       0x80 binaries/kprintf.o
                                         0x98 (size before relaxing)
 .eh_frame      0x000000000011e654       0x50 binaries/main.o
                                         0x68 (size before relaxing)
 .eh_frame      0x000000000011e6a4       0x40 binaries/mark.o
                                         0x58 (size before relaxing)
 .eh_frame      0x000000000011e6e4       0x20 binaries/meminit.o
                                         0x38 (size before relaxing)
 .eh_frame      0x000000000011e704       0x20 binaries/mkbufpool.o
                                         0x38 (size before relaxing)
 .eh_frame      0x000000000011e724       0x20 binaries/newqueue.o
                                         0x38 (size before relaxing)
 .eh_frame      0x000000000011e744       0x20 binaries/open.o
                                         0x38 (size before relaxing)
 .eh_frame      0x000000000011e764       0x1c binaries/panic.o
                                         0x34 (size before relaxing)
 .eh_frame      0x000000000011e780      0x1c8 binaries/pci.o
                                        0x1e0 (size before relaxing)
 .eh_frame      0x000000000011e948       0x20 binaries/ptclear.o
                                         0x38 (size before relaxing)
 .eh_frame      0x000000000011e968       0x20 binaries/ptcount.o
                                         0x38 (size before relaxing)
 .eh_frame      0x000000000011e988       0x20 binaries/ptcreate.o
                                         0x38 (size before relaxing)
 .eh_frame      0x000000000011e9a8       0x20 binaries/ptdelete.o
                                         0x38 (size before relaxing)
 .eh_frame      0x000000000011e9c8       0x20 binaries/ptinit.o
                                         0x38 (size before relaxing)
 .eh_frame      0x000000000011e9e8       0x20 binaries/ptrecv.o
                                         0x38 (size before relaxing)
 .eh_frame      0x000000000011ea08       0x20 binaries/ptreset.o
                                         0x38 (size before relaxing)
 .eh_frame      0x000000000011ea28       0x20 binaries/ptsend.o
                                         0x38 (size before relaxing)
 .eh_frame      0x000000000011ea48       0x20 binaries/putc.o
                                         0x38 (size before relaxing)
 .eh_frame      0x000000000011ea68       0x40 binaries/queue.o
                                         0x58 (size before relaxing)
 .eh_frame      0x000000000011eaa8       0x20 binaries/read.o
                                         0x38 (size before relaxing)
 .eh_frame      0x000000000011eac8       0x24 binaries/ready.o
                                         0x3c (size before relaxing)
 .eh_frame      0x000000000011eaec       0x20 binaries/receive.o
                                         0x38 (size before relaxing)
 .eh_frame      0x000000000011eb0c       0x20 binaries/recvclr.o
                                         0x38 (size before relaxing)
 .eh_frame      0x000000000011eb2c       0x20 binaries/recvtime.o
                                         0x38 (size before relaxing)
 .eh_frame      0x000000000011eb4c       0x60 binaries/resched.o
                                         0x78 (size before relaxing)
 .eh_frame      0x000000000011ebac       0x20 binaries/resume.o
                                         0x38 (size before relaxing)
 .eh_frame      0x000000000011ebcc       0x20 binaries/seek.o
                                         0x38 (size before relaxing)
 .eh_frame      0x000000000011ebec       0x20 binaries/semcount.o
                                         0x38 (size before relaxing)
 .eh_frame      0x000000000011ec0c       0x40 binaries/semcreate.o
                                         0x58 (size before relaxing)
 .eh_frame      0x000000000011ec4c       0x20 binaries/semdelete.o
                                         0x38 (size before relaxing)
 .eh_frame      0x000000000011ec6c       0x20 binaries/semreset.o
                                         0x38 (size before relaxing)
 .eh_frame      0x000000000011ec8c       0x20 binaries/send.o
                                         0x38 (size before relaxing)
 .eh_frame      0x000000000011ecac       0x20 binaries/signal.o
                                         0x38 (size before relaxing)
 .eh_frame      0x000000000011eccc       0x20 binaries/signaln.o
                                         0x38 (size before relaxing)
 .eh_frame      0x000000000011ecec       0x40 binaries/sleep.o
                                         0x58 (size before relaxing)
 .eh_frame      0x000000000011ed2c       0x20 binaries/stacktrace.o
                                         0x38 (size before relaxing)
 .eh_frame      0x000000000011ed4c       0x20 binaries/suspend.o
                                         0x38 (size before relaxing)
 .eh_frame      0x000000000011ed6c       0x20 binaries/unsleep.o
                                         0x38 (size before relaxing)
 .eh_frame      0x000000000011ed8c       0x20 binaries/userret.o
                                         0x38 (size before relaxing)
 .eh_frame      0x000000000011edac       0x20 binaries/wait.o
                                         0x38 (size before relaxing)
 .eh_frame      0x000000000011edcc       0x20 binaries/wakeup.o
                                         0x38 (size before relaxing)
 .eh_frame      0x000000000011edec       0x20 binaries/write.o
                                         0x38 (size before relaxing)
 .eh_frame      0x000000000011ee0c       0x20 binaries/xdone.o
                                         0x38 (size before relaxing)
 .eh_frame      0x000000000011ee2c       0x20 binaries/yield.o
                                         0x38 (size before relaxing)
 .eh_frame      0x000000000011ee4c       0x20 binaries/abs.o
                                         0x38 (size before relaxing)
 .eh_frame      0x000000000011ee6c       0x20 binaries/atoi.o
                                         0x38 (size before relaxing)
 .eh_frame      0x000000000011ee8c       0x20 binaries/atol.o
                                         0x38 (size before relaxing)
 .eh_frame      0x000000000011eeac       0x20 binaries/bzero.o
                                         0x38 (size before relaxing)
 .eh_frame      0x000000000011eecc       0xe4 binaries/doprnt.o
                                         0xfc (size before relaxing)
 .eh_frame      0x000000000011efb0       0xb0 binaries/doscan.o
                                         0xc8 (size before relaxing)
 .eh_frame      0x000000000011f060       0xc0 binaries/fdoprnt.o
                                         0xd8 (size before relaxing)
 .eh_frame      0x000000000011f120       0x20 binaries/fgetc.o
                                         0x38 (size before relaxing)
 .eh_frame      0x000000000011f140       0x20 binaries/fgets.o
                                         0x38 (size before relaxing)
 .eh_frame      0x000000000011f160       0x20 binaries/fprintf.o
                                         0x38 (size before relaxing)
 .eh_frame      0x000000000011f180       0x20 binaries/fputc.o
                                         0x38 (size before relaxing)
 .eh_frame      0x000000000011f1a0       0x20 binaries/fputs.o
                                         0x38 (size before relaxing)
 .eh_frame      0x000000000011f1c0       0x60 binaries/fscanf.o
                                         0x78 (size before relaxing)
 .eh_frame      0x000000000011f220       0x20 binaries/getchar.o
                                         0x38 (size before relaxing)
 .eh_frame      0x000000000011f240       0x20 binaries/labs.o
                                         0x38 (size before relaxing)
 .eh_frame      0x000000000011f260       0x20 binaries/memcmp.o
                                         0x38 (size before relaxing)
 .eh_frame      0x000000000011f280       0x24 binaries/memcpy.o
                                         0x3c (size before relaxing)
 .eh_frame      0x000000000011f2a4       0x24 binaries/memset.o
                                         0x3c (size before relaxing)
 .eh_frame      0x000000000011f2c8       0x20 binaries/printf.o
                                         0x38 (size before relaxing)
 .eh_frame      0x000000000011f2e8       0x20 binaries/putchar.o
                                         0x38 (size before relaxing)
 .eh_frame      0x000000000011f308       0xa8 binaries/qsort.o
                                         0xc0 (size before relaxing)
 .eh_frame      0x000000000011f3b0       0x60 binaries/rand.o
                                         0x78 (size before relaxing)
 .eh_frame      0x000000000011f410       0x40 binaries/sprintf.o
                                         0x58 (size before relaxing)
 .eh_frame      0x000000000011f450       0x60 binaries/sscanf.o
                                         0x78 (size before relaxing)
 .eh_frame      0x000000000011f4b0       0x20 binaries/strchr.o
                                         0x38 (size before relaxing)
 .eh_frame      0x000000000011f4d0       0x20 binaries/strcmp.o
                                         0x38 (size before relaxing)
 .eh_frame      0x000000000011f4f0       0x20 binaries/strcpy.o
                                         0x38 (size before relaxing)
 .eh_frame      0x000000000011f510       0x20 binaries/strlen.o
                                         0x38 (size before relaxing)
 .eh_frame      0x000000000011f530       0x20 binaries/strncat.o
                                         0x38 (size before relaxing)
 .eh_frame      0x000000000011f550       0x20 binaries/strncmp.o
                                         0x38 (size before relaxing)
 .eh_frame      0x000000000011f570       0x28 binaries/strncpy.o
                                         0x40 (size before relaxing)
 .eh_frame      0x000000000011f598       0x20 binaries/strnlen.o
                                         0x38 (size before relaxing)
 .eh_frame      0x000000000011f5b8       0x20 binaries/strrchr.o
                                         0x38 (size before relaxing)
 .eh_frame      0x000000000011f5d8       0x20 binaries/strstr.o
                                         0x38 (size before relaxing)
 .eh_frame      0x000000000011f5f8       0x20 binaries/ttycontrol.o
                                         0x38 (size before relaxing)
 .eh_frame      0x000000000011f618       0x20 binaries/ttygetc.o
                                         0x38 (size before relaxing)
 .eh_frame      0x000000000011f638       0x80 binaries/ttyhandle_in.o
                                         0x98 (size before relaxing)
 .eh_frame      0x000000000011f6b8       0x20 binaries/ttyhandle_out.o
                                         0x38 (size before relaxing)
 .eh_frame      0x000000000011f6d8       0x20 binaries/ttyhandler.o
                                         0x38 (size before relaxing)
 .eh_frame      0x000000000011f6f8       0x20 binaries/ttyinit.o
                                         0x38 (size before relaxing)
 .eh_frame      0x000000000011f718       0x20 binaries/ttykickout.o
                                         0x38 (size before relaxing)
 .eh_frame      0x000000000011f738       0x20 binaries/ttyputc.o
                                         0x38 (size before relaxing)
 .eh_frame      0x000000000011f758       0x28 binaries/ttyread.o
                                         0x40 (size before relaxing)
 .eh_frame      0x000000000011f780       0x20 binaries/ttywrite.o
                                         0x38 (size before relaxing)
 .eh_frame      0x000000000011f7a0       0x40 binaries/mount.o
                                         0x58 (size before relaxing)
 .eh_frame      0x000000000011f7e0       0x20 binaries/naminit.o
                                         0x38 (size before relaxing)
 .eh_frame      0x000000000011f800       0x60 binaries/nammap.o
                                         0x78 (size before relaxing)
 .eh_frame      0x000000000011f860       0x20 binaries/namopen.o
                                         0x38 (size before relaxing)
 .eh_frame      0x000000000011f880      0x150 binaries/82545EMInit.o
                                        0x168 (size before relaxing)
 .eh_frame      0x000000000011f9d0       0xa0 binaries/ethcontrol.o
                                         0xb8 (size before relaxing)
 .eh_frame      0x000000000011fa70       0x80 binaries/ethhandler.o
                                         0x98 (size before relaxing)
 .eh_frame      0x000000000011faf0       0x20 binaries/ethinit.o
                                         0x38 (size before relaxing)
 .eh_frame      0x000000000011fb10       0x60 binaries/ethread.o
                                         0x78 (size before relaxing)
 .eh_frame      0x000000000011fb70       0x60 binaries/ethwrite.o
                                         0x78 (size before relaxing)
 .eh_frame      0x000000000011fbd0       0x20 binaries/rdscomm.o
                                         0x38 (size before relaxing)
 .eh_frame      0x000000000011fbf0       0x20 binaries/rdscontrol.o
                                         0x38 (size before relaxing)
 .eh_frame      0x000000000011fc10       0x20 binaries/rdsinit.o
                                         0x38 (size before relaxing)
 .eh_frame      0x000000000011fc30       0x20 binaries/rdsopen.o
                                         0x38 (size before relaxing)
 .eh_frame      0x000000000011fc50       0x1c binaries/rdsprocess.o
                                         0x34 (size before relaxing)
 .eh_frame      0x000000000011fc6c       0xc0 binaries/rdsqfcns.o
                                         0xd8 (size before relaxing)
 .eh_frame      0x000000000011fd2c       0x20 binaries/rdsread.o
                                         0x38 (size before relaxing)
 .eh_frame      0x000000000011fd4c       0x20 binaries/rdssetprio.o
                                         0x38 (size before relaxing)
 .eh_frame      0x000000000011fd6c       0x20 binaries/rdswrite.o
                                         0x38 (size before relaxing)
 .eh_frame      0x000000000011fd8c       0x20 binaries/ramclose.o
                                         0x38 (size before relaxing)
 .eh_frame      0x000000000011fdac       0x20 binaries/raminit.o
                                         0x38 (size before relaxing)
 .eh_frame      0x000000000011fdcc       0x20 binaries/ramopen.o
                                         0x38 (size before relaxing)
 .eh_frame      0x000000000011fdec       0x20 binaries/ramread.o
                                         0x38 (size before relaxing)
 .eh_frame      0x000000000011fe0c       0x20 binaries/ramwrite.o
                                         0x38 (size before relaxing)
 .eh_frame      0x000000000011fe2c       0x20 binaries/lfdballoc.o
                                         0x38 (size before relaxing)
 .eh_frame      0x000000000011fe4c       0x20 binaries/lfdbfree.o
                                         0x38 (size before relaxing)
 .eh_frame      0x000000000011fe6c       0x20 binaries/lfflush.o
                                         0x38 (size before relaxing)
 .eh_frame      0x000000000011fe8c       0x20 binaries/lfgetmode.o
                                         0x38 (size before relaxing)
 .eh_frame      0x000000000011feac       0x20 binaries/lfiballoc.o
                                         0x38 (size before relaxing)
 .eh_frame      0x000000000011fecc       0x20 binaries/lfibclear.o
                                         0x38 (size before relaxing)
 .eh_frame      0x000000000011feec       0x20 binaries/lfibget.o
                                         0x38 (size before relaxing)
 .eh_frame      0x000000000011ff0c       0x20 binaries/lfibput.o
                                         0x38 (size before relaxing)
 .eh_frame      0x000000000011ff2c       0x20 binaries/lflclose.o
                                         0x38 (size before relaxing)
 .eh_frame      0x000000000011ff4c       0x20 binaries/lflcontrol.o
                                         0x38 (size before relaxing)
 .eh_frame      0x000000000011ff6c       0x20 binaries/lflgetc.o
                                         0x38 (size before relaxing)
 .eh_frame      0x000000000011ff8c       0x20 binaries/lflinit.o
                                         0x38 (size before relaxing)
 .eh_frame      0x000000000011ffac       0x20 binaries/lflputc.o
                                         0x38 (size before relaxing)
 .eh_frame      0x000000000011ffcc       0x20 binaries/lflread.o
                                         0x38 (size before relaxing)
 .eh_frame      0x000000000011ffec       0x20 binaries/lflseek.o
                                         0x38 (size before relaxing)
 .eh_frame      0x000000000012000c       0x20 binaries/lflwrite.o
                                         0x38 (size before relaxing)
 .eh_frame      0x000000000012002c       0x20 binaries/lfscheck.o
                                         0x38 (size before relaxing)
 .eh_frame      0x000000000012004c       0x20 binaries/lfsckfmt.o
                                         0x38 (size before relaxing)
 .eh_frame      0x000000000012006c       0x20 binaries/lfscreate.o
                                         0x38 (size before relaxing)
 .eh_frame      0x000000000012008c       0x20 binaries/lfsetup.o
                                         0x38 (size before relaxing)
 .eh_frame      0x00000000001200ac       0x20 binaries/lfsinit.o
                                         0x38 (size before relaxing)
 .eh_frame      0x00000000001200cc       0x20 binaries/lfsopen.o
                                         0x38 (size before relaxing)
 .eh_frame      0x00000000001200ec       0x20 binaries/lftruncate.o
                                         0x38 (size before relaxing)
 .eh_frame      0x000000000012010c       0x20 binaries/rflclose.o
                                         0x38 (size before relaxing)
 .eh_frame      0x000000000012012c       0x20 binaries/rflgetc.o
                                         0x38 (size before relaxing)
 .eh_frame      0x000000000012014c       0x20 binaries/rflinit.o
                                         0x38 (size before relaxing)
 .eh_frame      0x000000000012016c       0x20 binaries/rflputc.o
                                         0x38 (size before relaxing)
 .eh_frame      0x000000000012018c       0x20 binaries/rflread.o
                                         0x38 (size before relaxing)
 .eh_frame      0x00000000001201ac       0x20 binaries/rflseek.o
                                         0x38 (size before relaxing)
 .eh_frame      0x00000000001201cc       0x20 binaries/rflwrite.o
                                         0x38 (size before relaxing)
 .eh_frame      0x00000000001201ec       0x20 binaries/rfscomm.o
                                         0x38 (size before relaxing)
 .eh_frame      0x000000000012020c       0x20 binaries/rfscontrol.o
                                         0x38 (size before relaxing)
 .eh_frame      0x000000000012022c       0x20 binaries/rfsgetmode.o
                                         0x38 (size before relaxing)
 .eh_frame      0x000000000012024c       0x20 binaries/rfsinit.o
                                         0x38 (size before relaxing)
 .eh_frame      0x000000000012026c       0x20 binaries/rfsndmsg.o
                                         0x38 (size before relaxing)
 .eh_frame      0x000000000012028c       0x20 binaries/rfsopen.o
                                         0x38 (size before relaxing)
 .eh_frame      0x00000000001202ac       0xc0 binaries/arp.o
                                         0xd8 (size before relaxing)
 .eh_frame      0x000000000012036c       0xa0 binaries/dhcp.o
                                         0xb8 (size before relaxing)
 .eh_frame      0x000000000012040c       0x80 binaries/dns.o
                                         0x98 (size before relaxing)
 .eh_frame      0x000000000012048c       0x20 binaries/dot2ip.o
                                         0x38 (size before relaxing)
 .eh_frame      0x00000000001204ac       0x40 binaries/hexdump.o
                                         0x58 (size before relaxing)
 .eh_frame      0x00000000001204ec      0x150 binaries/icmp.o
                                        0x168 (size before relaxing)
 .eh_frame      0x000000000012063c      0x11c binaries/ip.o
                                        0x134 (size before relaxing)
 .eh_frame      0x0000000000120758       0xa0 binaries/net.o
                                         0xb8 (size before relaxing)
 .eh_frame      0x00000000001207f8       0x60 binaries/pdump.o
                                         0x78 (size before relaxing)
 .eh_frame      0x0000000000120858       0x60 binaries/tftp.o
                                         0x78 (size before relaxing)
 .eh_frame      0x00000000001208b8      0x140 binaries/udp.o
                                        0x158 (size before relaxing)
 .eh_frame      0x00000000001209f8       0x20 binaries/addargs.o
                                         0x38 (size before relaxing)
 .eh_frame      0x0000000000120a18       0x20 binaries/lexan.o
                                         0x38 (size before relaxing)
 .eh_frame      0x0000000000120a38       0x20 binaries/shell.o
                                         0x38 (size before relaxing)
 .eh_frame      0x0000000000120a58       0x20 binaries/xsh_argecho.o
                                         0x38 (size before relaxing)
 .eh_frame      0x0000000000120a78       0x40 binaries/xsh_arp.o
                                         0x58 (size before relaxing)
 .eh_frame      0x0000000000120ab8       0x20 binaries/xsh_cat.o
                                         0x38 (size before relaxing)
 .eh_frame      0x0000000000120ad8       0x20 binaries/xsh_clear.o
                                         0x38 (size before relaxing)
 .eh_frame      0x0000000000120af8       0x20 binaries/xsh_date.o
                                         0x38 (size before relaxing)
 .eh_frame      0x0000000000120b18       0x20 binaries/xsh_devdump.o
                                         0x38 (size before relaxing)
 .eh_frame      0x0000000000120b38       0x20 binaries/xsh_echo.o
                                         0x38 (size before relaxing)
 .eh_frame      0x0000000000120b58       0x20 binaries/xsh_exit.o
                                         0x38 (size before relaxing)
 .eh_frame      0x0000000000120b78       0x2c binaries/xsh_help.o
                                         0x44 (size before relaxing)
 .eh_frame      0x0000000000120ba4       0x20 binaries/xsh_kill.o
                                         0x38 (size before relaxing)
 .eh_frame      0x0000000000120bc4       0x2c binaries/xsh_ls.o
                                         0x44 (size before relaxing)
 .eh_frame      0x0000000000120bf0       0x40 binaries/xsh_memdump.o
                                         0x58 (size before relaxing)
 .eh_frame      0x0000000000120c30       0x60 binaries/xsh_memstat.o
                                         0x78 (size before relaxing)
 .eh_frame      0x0000000000120c90       0x30 binaries/xsh_netinfo.o
                                         0x48 (size before relaxing)
 .eh_frame      0x0000000000120cc0       0x30 binaries/xsh_ns.o
                                         0x48 (size before relaxing)
 .eh_frame      0x0000000000120cf0       0x28 binaries/xsh_ping.o
                                         0x40 (size before relaxing)
 .eh_frame      0x0000000000120d18       0x30 binaries/xsh_ps.o
                                         0x48 (size before relaxing)
 .eh_frame      0x0000000000120d48       0x20 binaries/xsh_sleep.o
                                         0x38 (size before relaxing)
 .eh_frame      0x0000000000120d68       0x20 binaries/xsh_udpdump.o
                                         0x38 (size before relaxing)
 .eh_frame      0x0000000000120d88       0x30 binaries/xsh_udpecho.o
                                         0x48 (size before relaxing)
 .eh_frame      0x0000000000120db8       0x28 binaries/xsh_udpserver.o
                                         0x40 (size before relaxing)
 .eh_frame      0x0000000000120de0       0x20 binaries/xsh_uptime.o
                                         0x38 (size before relaxing)

.iplt           0x0000000000120e00        0x0
 .iplt          0x0000000000120e00        0x0 binaries/start.o

.rel.dyn        0x0000000000120e00        0x0
 .rel.got       0x0000000000120e00        0x0 binaries/start.o
 .rel.iplt      0x0000000000120e00        0x0 binaries/start.o
 .rel.text      0x0000000000120e00        0x0 binaries/start.o

.data           0x0000000000120e00     0x1200
                0x0000000000120e00                data = ABSOLUTE (.)
 *(.data .data.*)
 .data          0x0000000000120e00      0x460 binaries/start.o
                0x0000000000120e00                gdt
                0x0000000000120e40                gdtr
                0x0000000000120e46                idt
                0x0000000000121246                idtr
                0x000000000012124c                cpudelay
                0x0000000000121250                _bootdev
                0x0000000000121254                _cyloffset
 .data          0x0000000000121260       0x88 binaries/ascdate.o
                0x0000000000121260                Date
 .data          0x00000000001212e8        0x0 binaries/bufinit.o
 .data          0x00000000001212e8        0x0 binaries/burst_execution.o
 .data          0x00000000001212e8        0x0 binaries/chprio.o
 .data          0x00000000001212e8        0x4 binaries/clkhandler.o
 .data          0x00000000001212ec        0x0 binaries/clkinit.o
 .data          0x00000000001212ec        0x0 binaries/close.o
 *fill*         0x00000000001212ec       0x14 
 .data          0x0000000000121300      0x5a0 binaries/conf.o
                0x0000000000121300                devtab
 .data          0x00000000001218a0        0x0 binaries/control.o
 .data          0x00000000001218a0        0x4 binaries/create.o
 *fill*         0x00000000001218a4       0x1c 
 .data          0x00000000001218c0       0x40 binaries/evec.o
                0x00000000001218c0                inames
 .data          0x0000000000121900        0x0 binaries/exit.o
 .data          0x0000000000121900        0x0 binaries/freebuf.o
 .data          0x0000000000121900        0x0 binaries/freemem.o
 .data          0x0000000000121900        0x0 binaries/getbuf.o
 .data          0x0000000000121900        0x0 binaries/getc.o
 .data          0x0000000000121900        0x0 binaries/getdev.o
 .data          0x0000000000121900        0x0 binaries/getitem.o
 .data          0x0000000000121900        0x0 binaries/getmem.o
 .data          0x0000000000121900        0x0 binaries/getpid.o
 .data          0x0000000000121900        0x0 binaries/getprio.o
 .data          0x0000000000121900        0x0 binaries/getstk.o
 .data          0x0000000000121900        0x0 binaries/getticks.o
 .data          0x0000000000121900        0x0 binaries/gettime.o
 .data          0x0000000000121900        0x0 binaries/getutime.o
 .data          0x0000000000121900       0x40 binaries/i386.o
                0x0000000000121900                gdt_copy
 .data          0x0000000000121940        0x0 binaries/init.o
 .data          0x0000000000121940        0x0 binaries/initialize.o
 .data          0x0000000000121940        0x0 binaries/insert.o
 .data          0x0000000000121940        0x0 binaries/insertd.o
 .data          0x0000000000121940        0x0 binaries/ioerr.o
 .data          0x0000000000121940        0x0 binaries/ionull.o
 .data          0x0000000000121940        0x0 binaries/kill.o
 .data          0x0000000000121940        0x0 binaries/kprintf.o
 .data          0x0000000000121940        0x0 binaries/main.o
 .data          0x0000000000121940        0x0 binaries/mark.o
 .data          0x0000000000121940        0x0 binaries/meminit.o
 .data          0x0000000000121940        0x0 binaries/mkbufpool.o
 .data          0x0000000000121940        0x2 binaries/newqueue.o
 .data          0x0000000000121942        0x0 binaries/open.o
[...]
 .comment       0x0000000000000023       0x24 binaries/icmp.o
 .comment       0x0000000000000023       0x24 binaries/ip.o
 .comment       0x0000000000000023       0x24 binaries/net.o
 .comment       0x0000000000000023       0x24 binaries/pdump.o
 .comment       0x0000000000000023       0x24 binaries/tftp.o
 .comment       0x0000000000000023       0x24 binaries/udp.o
 .comment       0x0000000000000023       0x24 binaries/addargs.o
 .comment       0x0000000000000023       0x24 binaries/lexan.o
 .comment       0x0000000000000023       0x24 binaries/shell.o
 .comment       0x0000000000000023       0x24 binaries/xsh_argecho.o
 .comment       0x0000000000000023       0x24 binaries/xsh_arp.o
 .comment       0x0000000000000023       0x24 binaries/xsh_cat.o
 .comment       0x0000000000000023       0x24 binaries/xsh_clear.o
 .comment       0x0000000000000023       0x24 binaries/xsh_date.o
 .comment       0x0000000000000023       0x24 binaries/xsh_devdump.o
 .comment       0x0000000000000023       0x24 binaries/xsh_echo.o
 .comment       0x0000000000000023       0x24 binaries/xsh_exit.o
 .comment       0x0000000000000023       0x24 binaries/xsh_help.o
 .comment       0x0000000000000023       0x24 binaries/xsh_kill.o
 .comment       0x0000000000000023       0x24 binaries/xsh_ls.o
 .comment       0x0000000000000023       0x24 binaries/xsh_memdump.o
 .comment       0x0000000000000023       0x24 binaries/xsh_memstat.o
 .comment       0x0000000000000023       0x24 binaries/xsh_netinfo.o
 .comment       0x0000000000000023       0x24 binaries/xsh_ns.o
 .comment       0x0000000000000023       0x24 binaries/xsh_ping.o
 .comment       0x0000000000000023       0x24 binaries/xsh_ps.o
 .comment       0x0000000000000023       0x24 binaries/xsh_sleep.o
 .comment       0x0000000000000023       0x24 binaries/xsh_udpdump.o
 .comment       0x0000000000000023       0x24 binaries/xsh_udpecho.o
 .comment       0x0000000000000023       0x24 binaries/xsh_udpserver.o
 .comment       0x0000000000000023       0x24 binaries/xsh_uptime.o

.note.GNU-stack
                0x0000000000000000        0x0
 .note.GNU-stack
                0x0000000000000000        0x0 binaries/ascdate.o
 .note.GNU-stack
                0x0000000000000000        0x0 binaries/bufinit.o
 .note.GNU-stack
                0x0000000000000000        0x0 binaries/burst_execution.o
 .note.GNU-stack
                0x0000000000000000        0x0 binaries/chprio.o
 .note.GNU-stack
                0x0000000000000000        0x0 binaries/clkhandler.o
 .note.GNU-stack
                0x0000000000000000        0x0 binaries/clkinit.o
 .note.GNU-stack
                0x0000000000000000        0x0 binaries/close.o
 .note.GNU-stack
                0x0000000000000000        0x0 binaries/conf.o
 .note.GNU-stack
                0x0000000000000000        0x0 binaries/control.o
 .note.GNU-stack
                0x0000000000000000        0x0 binaries/create.o
 .note.GNU-stack
                0x0000000000000000        0x0 binaries/evec.o
 .note.GNU-stack
                0x0000000000000000        0x0 binaries/exit.o
 .note.GNU-stack
                0x0000000000000000        0x0 binaries/freebuf.o
 .note.GNU-stack
                0x0000000000000000        0x0 binaries/freemem.o
 .note.GNU-stack
                0x0000000000000000        0x0 binaries/getbuf.o
 .note.GNU-stack
                0x0000000000000000        0x0 binaries/getc.o
 .note.GNU-stack
                0x0000000000000000        0x0 binaries/getdev.o
 .note.GNU-stack
                0x0000000000000000        0x0 binaries/getitem.o
 .note.GNU-stack
                0x0000000000000000        0x0 binaries/getmem.o
 .note.GNU-stack
                0x0000000000000000        0x0 binaries/getpid.o
 .note.GNU-stack
                0x0000000000000000        0x0 binaries/getprio.o
 .note.GNU-stack
                0x0000000000000000        0x0 binaries/getstk.o
 .note.GNU-stack
                0x0000000000000000        0x0 binaries/getticks.o
 .note.GNU-stack
                0x0000000000000000        0x0 binaries/gettime.o
 .note.GNU-stack
                0x0000000000000000        0x0 binaries/getutime.o
 .note.GNU-stack
                0x0000000000000000        0x0 binaries/i386.o
 .note.GNU-stack
                0x0000000000000000        0x0 binaries/init.o
 .note.GNU-stack
                0x0000000000000000        0x0 binaries/initialize.o
 .note.GNU-stack
                0x0000000000000000        0x0 binaries/insert.o
 .note.GNU-stack
                0x0000000000000000        0x0 binaries/insertd.o
 .note.GNU-stack
                0x0000000000000000        0x0 binaries/ioerr.o
 .note.GNU-stack
                0x0000000000000000        0x0 binaries/ionull.o
 .note.GNU-stack
                0x0000000000000000        0x0 binaries/kill.o
 .note.GNU-stack
                0x0000000000000000        0x0 binaries/kprintf.o
 .note.GNU-stack
                0x0000000000000000        0x0 binaries/main.o
 .note.GNU-stack
                0x0000000000000000        0x0 binaries/mark.o
 .note.GNU-stack
                0x0000000000000000        0x0 binaries/meminit.o
 .note.GNU-stack
                0x0000000000000000        0x0 binaries/mkbufpool.o
 .note.GNU-stack
                0x0000000000000000        0x0 binaries/newqueue.o
 .note.GNU-stack
                0x0000000000000000        0x0 binaries/open.o
 .note.GNU-stack
                0x0000000000000000        0x0 binaries/panic.o
 .note.GNU-stack
                0x0000000000000000        0x0 binaries/pci.o
 .note.GNU-stack
                0x0000000000000000        0x0 binaries/ptclear.o
 .note.GNU-stack
                0x0000000000000000        0x0 binaries/ptcount.o
 .note.GNU-stack
                0x0000000000000000        0x0 binaries/ptcreate.o
 .note.GNU-stack
                0x0000000000000000        0x0 binaries/ptdelete.o
 .note.GNU-stack
                0x0000000000000000        0x0 binaries/ptinit.o
 .note.GNU-stack
                0x0000000000000000        0x0 binaries/ptrecv.o
 .note.GNU-stack
                0x0000000000000000        0x0 binaries/ptreset.o
 .note.GNU-stack
                0x0000000000000000        0x0 binaries/ptsend.o
 .note.GNU-stack
                0x0000000000000000        0x0 binaries/putc.o
 .note.GNU-stack
                0x0000000000000000        0x0 binaries/queue.o
 .note.GNU-stack
                0x0000000000000000        0x0 binaries/read.o
 .note.GNU-stack
                0x0000000000000000        0x0 binaries/ready.o
 .note.GNU-stack
                0x0000000000000000        0x0 binaries/receive.o
 .note.GNU-stack
                0x0000000000000000        0x0 binaries/recvclr.o
 .note.GNU-stack
                0x0000000000000000        0x0 binaries/recvtime.o
 .note.GNU-stack
                0x0000000000000000        0x0 binaries/resched.o
 .note.GNU-stack
                0x0000000000000000        0x0 binaries/resume.o
 .note.GNU-stack
                0x0000000000000000        0x0 binaries/seek.o
 .note.GNU-stack
                0x0000000000000000        0x0 binaries/semcount.o
 .note.GNU-stack
                0x0000000000000000        0x0 binaries/semcreate.o
 .note.GNU-stack
                0x0000000000000000        0x0 binaries/semdelete.o
 .note.GNU-stack
                0x0000000000000000        0x0 binaries/semreset.o
 .note.GNU-stack
                0x0000000000000000        0x0 binaries/send.o
 .note.GNU-stack
                0x0000000000000000        0x0 binaries/signal.o
 .note.GNU-stack
                0x0000000000000000        0x0 binaries/signaln.o
 .note.GNU-stack
                0x0000000000000000        0x0 binaries/sleep.o
 .note.GNU-stack
                0x0000000000000000        0x0 binaries/stacktrace.o
 .note.GNU-stack
                0x0000000000000000        0x0 binaries/suspend.o
 .note.GNU-stack
                0x0000000000000000        0x0 binaries/unsleep.o
 .note.GNU-stack
                0x0000000000000000        0x0 binaries/userret.o
 .note.GNU-stack
                0x0000000000000000        0x0 binaries/wait.o
 .note.GNU-stack
                0x0000000000000000        0x0 binaries/wakeup.o
 .note.GNU-stack
                0x0000000000000000        0x0 binaries/write.o
 .note.GNU-stack
                0x0000000000000000        0x0 binaries/xdone.o
 .note.GNU-stack
                0x0000000000000000        0x0 binaries/yield.o
 .note.GNU-stack
                0x0000000000000000        0x0 binaries/abs.o
 .note.GNU-stack
                0x0000000000000000        0x0 binaries/atoi.o
 .note.GNU-stack
                0x0000000000000000        0x0 binaries/atol.o
 .note.GNU-stack
                0x0000000000000000        0x0 binaries/bzero.o
 .note.GNU-stack
                0x0000000000000000        0x0 binaries/ctype_.o
 .note.GNU-stack
                0x0000000000000000        0x0 binaries/doprnt.o
 .note.GNU-stack
                0x0000000000000000        0x0 binaries/doscan.o
 .note.GNU-stack
                0x0000000000000000        0x0 binaries/fdoprnt.o
 .note.GNU-stack
                0x0000000000000000        0x0 binaries/fgetc.o
 .note.GNU-stack
                0x0000000000000000        0x0 binaries/fgets.o
 .note.GNU-stack
                0x0000000000000000        0x0 binaries/fprintf.o
 .note.GNU-stack
                0x0000000000000000        0x0 binaries/fputc.o
 .note.GNU-stack
                0x0000000000000000        0x0 binaries/fputs.o
 .note.GNU-stack
                0x0000000000000000        0x0 binaries/fscanf.o
 .note.GNU-stack
                0x0000000000000000        0x0 binaries/getchar.o
 .note.GNU-stack
                0x0000000000000000        0x0 binaries/labs.o
 .note.GNU-stack
                0x0000000000000000        0x0 binaries/memcmp.o
 .note.GNU-stack
                0x0000000000000000        0x0 binaries/memcpy.o
 .note.GNU-stack
                0x0000000000000000        0x0 binaries/memset.o
 .note.GNU-stack
                0x0000000000000000        0x0 binaries/printf.o
 .note.GNU-stack
                0x0000000000000000        0x0 binaries/putchar.o
 .note.GNU-stack
                0x0000000000000000        0x0 binaries/qsort.o
 .note.GNU-stack
                0x0000000000000000        0x0 binaries/rand.o
 .note.GNU-stack
                0x0000000000000000        0x0 binaries/sprintf.o
 .note.GNU-stack
                0x0000000000000000        0x0 binaries/sscanf.o
 .note.GNU-stack
                0x0000000000000000        0x0 binaries/strchr.o
 .note.GNU-stack
                0x0000000000000000        0x0 binaries/strcmp.o
 .note.GNU-stack
                0x0000000000000000        0x0 binaries/strcpy.o
 .note.GNU-stack
                0x0000000000000000        0x0 binaries/strlen.o
 .note.GNU-stack
                0x0000000000000000        0x0 binaries/strncat.o
 .note.GNU-stack
                0x0000000000000000        0x0 binaries/strncmp.o
 .note.GNU-stack
                0x0000000000000000        0x0 binaries/strncpy.o
 .note.GNU-stack
                0x0000000000000000        0x0 binaries/strnlen.o
 .note.GNU-stack
                0x0000000000000000        0x0 binaries/strrchr.o
 .note.GNU-stack
                0x0000000000000000        0x0 binaries/strstr.o
 .note.GNU-stack
                0x0000000000000000        0x0 binaries/ttycontrol.o
 .note.GNU-stack
                0x0000000000000000        0x0 binaries/ttygetc.o
 .note.GNU-stack
                0x0000000000000000        0x0 binaries/ttyhandle_in.o
 .note.GNU-stack
                0x0000000000000000        0x0 binaries/ttyhandle_out.o
 .note.GNU-stack
                0x0000000000000000        0x0 binaries/ttyhandler.o
 .note.GNU-stack
                0x0000000000000000        0x0 binaries/ttyinit.o
 .note.GNU-stack
                0x0000000000000000        0x0 binaries/ttykickout.o
 .note.GNU-stack
                0x0000000000000000        0x0 binaries/ttyputc.o
 .note.GNU-stack
                0x0000000000000000        0x0 binaries/ttyread.o
 .note.GNU-stack
                0x0000000000000000        0x0 binaries/ttywrite.o
 .note.GNU-stack
                0x0000000000000000        0x0 binaries/mount.o
 .note.GNU-stack
                0x0000000000000000        0x0 binaries/naminit.o
 .note.GNU-stack
                0x0000000000000000        0x0 binaries/nammap.o
 .note.GNU-stack
                0x0000000000000000        0x0 binaries/namopen.o
 .note.GNU-stack
                0x0000000000000000        0x0 binaries/82545EMInit.o
 .note.GNU-stack
                0x0000000000000000        0x0 binaries/ethcontrol.o
 .note.GNU-stack
                0x0000000000000000        0x0 binaries/ethhandler.o
 .note.GNU-stack
                0x0000000000000000        0x0 binaries/ethinit.o
 .note.GNU-stack
                0x0000000000000000        0x0 binaries/ethread.o
 .note.GNU-stack
                0x0000000000000000        0x0 binaries/ethwrite.o
 .note.GNU-stack
                0x0000000000000000        0x0 binaries/rdscomm.o
 .note.GNU-stack
                0x0000000000000000        0x0 binaries/rdscontrol.o
 .note.GNU-stack
                0x0000000000000000        0x0 binaries/rdsinit.o
 .note.GNU-stack
                0x0000000000000000        0x0 binaries/rdsopen.o
 .note.GNU-stack
                0x0000000000000000        0x0 binaries/rdsprocess.o
 .note.GNU-stack
                0x0000000000000000        0x0 binaries/rdsqfcns.o
 .note.GNU-stack
                0x0000000000000000        0x0 binaries/rdsread.o
 .note.GNU-stack
                0x0000000000000000        0x0 binaries/rdssetprio.o
 .note.GNU-stack
                0x0000000000000000        0x0 binaries/rdswrite.o
 .note.GNU-stack
                0x0000000000000000        0x0 binaries/ramclose.o
 .note.GNU-stack
                0x0000000000000000        0x0 binaries/raminit.o
 .note.GNU-stack
                0x0000000000000000        0x0 binaries/ramopen.o
 .note.GNU-stack
                0x0000000000000000        0x0 binaries/ramread.o
 .note.GNU-stack
                0x0000000000000000        0x0 binaries/ramwrite.o
 .note.GNU-stack
                0x0000000000000000        0x0 binaries/lfdballoc.o
 .note.GNU-stack
                0x0000000000000000        0x0 binaries/lfdbfree.o
 .note.GNU-stack
                0x0000000000000000        0x0 binaries/lfflush.o
 .note.GNU-stack
                0x0000000000000000        0x0 binaries/lfgetmode.o
 .note.GNU-stack
                0x0000000000000000        0x0 binaries/lfiballoc.o
 .note.GNU-stack
                0x0000000000000000        0x0 binaries/lfibclear.o
 .note.GNU-stack
                0x0000000000000000        0x0 binaries/lfibget.o
 .note.GNU-stack
                0x0000000000000000        0x0 binaries/lfibput.o
 .note.GNU-stack
                0x0000000000000000        0x0 binaries/lflclose.o
 .note.GNU-stack
                0x0000000000000000        0x0 binaries/lflcontrol.o
 .note.GNU-stack
                0x0000000000000000        0x0 binaries/lflgetc.o
 .note.GNU-stack
                0x0000000000000000        0x0 binaries/lflinit.o
 .note.GNU-stack
                0x0000000000000000        0x0 binaries/lflputc.o
 .note.GNU-stack
                0x0000000000000000        0x0 binaries/lflread.o
 .note.GNU-stack
                0x0000000000000000        0x0 binaries/lflseek.o
 .note.GNU-stack
                0x0000000000000000        0x0 binaries/lflwrite.o
 .note.GNU-stack
                0x0000000000000000        0x0 binaries/lfscheck.o
 .note.GNU-stack
                0x0000000000000000        0x0 binaries/lfsckfmt.o
 .note.GNU-stack
                0x0000000000000000        0x0 binaries/lfscreate.o
 .note.GNU-stack
                0x0000000000000000        0x0 binaries/lfsetup.o
 .note.GNU-stack
                0x0000000000000000        0x0 binaries/lfsinit.o
 .note.GNU-stack
                0x0000000000000000        0x0 binaries/lfsopen.o
 .note.GNU-stack
                0x0000000000000000        0x0 binaries/lftruncate.o
 .note.GNU-stack
                0x0000000000000000        0x0 binaries/rflclose.o
 .note.GNU-stack
                0x0000000000000000        0x0 binaries/rflgetc.o
 .note.GNU-stack
                0x0000000000000000        0x0 binaries/rflinit.o
 .note.GNU-stack
                0x0000000000000000        0x0 binaries/rflputc.o
 .note.GNU-stack
                0x0000000000000000        0x0 binaries/rflread.o
 .note.GNU-stack
                0x0000000000000000        0x0 binaries/rflseek.o
 .note.GNU-stack
                0x0000000000000000        0x0 binaries/rflwrite.o
 .note.GNU-stack
                0x0000000000000000        0x0 binaries/rfscomm.o
 .note.GNU-stack
                0x0000000000000000        0x0 binaries/rfscontrol.o
 .note.GNU-stack
                0x0000000000000000        0x0 binaries/rfsgetmode.o
 .note.GNU-stack
                0x0000000000000000        0x0 binaries/rfsinit.o
 .note.GNU-stack
                0x0000000000000000        0x0 binaries/rfsndmsg.o
 .note.GNU-stack
                0x0000000000000000        0x0 binaries/rfsopen.o
 .note.GNU-stack
                0x0000000000000000        0x0 binaries/arp.o
 .note.GNU-stack
                0x0000000000000000        0x0 binaries/dhcp.o
 .note.GNU-stack
                0x0000000000000000        0x0 binaries/dns.o
 .note.GNU-stack
                0x0000000000000000        0x0 binaries/dot2ip.o
 .note.GNU-stack
                0x0000000000000000        0x0 binaries/hexdump.o
 .note.GNU-stack
                0x0000000000000000        0x0 binaries/icmp.o
 .note.GNU-stack
                0x0000000000000000        0x0 binaries/ip.o
 .note.GNU-stack
                0x0000000000000000        0x0 binaries/net.o
 .note.GNU-stack
                0x0000000000000000        0x0 binaries/pdump.o
 .note.GNU-stack
                0x0000000000000000        0x0 binaries/tftp.o
 .note.GNU-stack
                0x0000000000000000        0x0 binaries/udp.o
 .note.GNU-stack
                0x0000000000000000        0x0 binaries/addargs.o
 .note.GNU-stack
                0x0000000000000000        0x0 binaries/lexan.o
 .note.GNU-stack
                0x0000000000000000        0x0 binaries/shell.o
 .note.GNU-stack
                0x0000000000000000        0x0 binaries/xsh_argecho.o
 .note.GNU-stack
                0x0000000000000000        0x0 binaries/xsh_arp.o
 .note.GNU-stack
                0x0000000000000000        0x0 binaries/xsh_cat.o
 .note.GNU-stack
                0x0000000000000000        0x0 binaries/xsh_clear.o
 .note.GNU-stack
                0x0000000000000000        0x0 binaries/xsh_date.o
 .note.GNU-stack
                0x0000000000000000        0x0 binaries/xsh_devdump.o
 .note.GNU-stack
                0x0000000000000000        0x0 binaries/xsh_echo.o
 .note.GNU-stack
                0x0000000000000000        0x0 binaries/xsh_exit.o
 .note.GNU-stack
                0x0000000000000000        0x0 binaries/xsh_help.o
 .note.GNU-stack
                0x0000000000000000        0x0 binaries/xsh_kill.o
 .note.GNU-stack
                0x0000000000000000        0x0 binaries/xsh_ls.o
 .note.GNU-stack
                0x0000000000000000        0x0 binaries/xsh_memdump.o
 .note.GNU-stack
                0x0000000000000000        0x0 binaries/xsh_memstat.o
 .note.GNU-stack
                0x0000000000000000        0x0 binaries/xsh_netinfo.o
 .note.GNU-stack
                0x0000000000000000        0x0 binaries/xsh_ns.o
 .note.GNU-stack
                0x0000000000000000        0x0 binaries/xsh_ping.o
 .note.GNU-stack
                0x0000000000000000        0x0 binaries/xsh_ps.o
 .note.GNU-stack
                0x0000000000000000        0x0 binaries/xsh_sleep.o
 .note.GNU-stack
                0x0000000000000000        0x0 binaries/xsh_udpdump.o
 .note.GNU-stack
                0x0000000000000000        0x0 binaries/xsh_udpecho.o
 .note.GNU-stack
                0x0000000000000000        0x0 binaries/xsh_udpserver.o
 .note.GNU-stack
                0x0000000000000000        0x0 binaries/xsh_uptime.o
