
Allocating common symbols
Common symbol       size              file

netbufpool          0x4               binaries/net.o
readylist           0x2               binaries/ready.o
rfltab              0x5a0             binaries/rflinit.o
netportseed         0x8               binaries/net.o
sleepq              0x2               binaries/clkinit.o
nnames              0x4               binaries/naminit.o
udptab              0x168             binaries/udp.o
minheap             0x4               binaries/meminit.o
marks               0x50              binaries/mark.o
currpid             0x4               binaries/initialize.o
Lf_data             0x20c             binaries/lfsinit.o
porttab             0x2d0             binaries/ptinit.o
girmask             0x2               binaries/evec.o
ttytab              0x110             binaries/ttyinit.o
proctab             0x1db0            binaries/initialize.o
prcount             0x4               binaries/initialize.o
lfltab              0xf00             binaries/lflinit.o
rdstab              0x7c              binaries/rdsinit.o
ethertab            0x130             binaries/ethinit.o
NetData             0xb0              binaries/net.o
nmarks              0x4               binaries/mark.o
initsp              0x4               binaries/i386.o
Defer               0x8               binaries/resched.o
semtab              0x4b0             binaries/initialize.o
maxheap             0x4               binaries/meminit.o
preempt             0x4               binaries/clkinit.o
buftab              0xf0              binaries/bufinit.o
Rf_data             0x18              binaries/rfsinit.o
mkmutex             0x4               binaries/mark.o
ctr1000             0x4               binaries/clkinit.o
clktime             0x4               binaries/clkinit.o
arpcache            0x140             binaries/arp.o
icmptab             0x230             binaries/icmp.o
nbpools             0x4               binaries/bufinit.o
queuetab            0x980             binaries/queue.o
ptnextid            0x4               binaries/ptinit.o
Ram                 0x19000           binaries/raminit.o
ipoqueue            0x2c              binaries/ip.o
memlist             0x8               binaries/initialize.o
nametab             0x5200            binaries/naminit.o
ptfree              0x4               binaries/ptinit.o

Memory Configuration

Name             Origin             Length             Attributes
*default*        0x0000000000000000 0xffffffffffffffff

Linker script and memory map

                0x0000000000100000                physbase = 0x100000
                0x0000000000100000                . = physbase
                0x0000000000100000                . = ALIGN (0x1000)

.text           0x0000000000100000    0x1c000
                0x0000000000100000                text = ABSOLUTE (.)
 *(.text .text.*)
 .text          0x0000000000100000      0x165 binaries/start.o
                0x0000000000100020                entry
                0x000000000010003d                start
                0x00000000001000a5                inb
                0x00000000001000ad                inw
                0x00000000001000b6                inl
                0x00000000001000be                outb
                0x00000000001000c8                outw
                0x00000000001000d3                outl
                0x00000000001000dd                _rtcin
                0x00000000001000e8                ___udivsi3
                0x00000000001000f3                ___divsi3
                0x00000000001000ff                sbzero
                0x000000000010010f                bcopy
                0x0000000000100123                insw
                0x0000000000100139                outsw
                0x000000000010014f                lidt
                0x0000000000100157                jumptocode
                0x000000000010015e                jumptobootcode
 .text          0x0000000000100165      0x405 binaries/ascdate.o
                0x0000000000100165                ascdate
 .text          0x000000000010056a       0x14 binaries/bufinit.o
                0x000000000010056a                bufinit
 .text          0x000000000010057e       0x4f binaries/burst_execution.o
                0x000000000010057e                burst_execution
 .text          0x00000000001005cd       0x8f binaries/chprio.o
                0x00000000001005cd                chprio
 .text          0x000000000010065c       0xd4 binaries/clkhandler.o
                0x000000000010065c                clkhandler
 .text          0x0000000000100730       0x93 binaries/clkinit.o
                0x0000000000100730                clkinit
 .text          0x00000000001007c3       0x6a binaries/close.o
                0x00000000001007c3                close
 .text          0x000000000010082d        0x0 binaries/conf.o
 .text          0x000000000010082d       0x7f binaries/control.o
                0x000000000010082d                control
 .text          0x00000000001008ac      0x541 binaries/create.o
                0x00000000001008ac                create
                0x0000000000100b16                create_user_process
 .text          0x0000000000100ded      0x36d binaries/evec.o
                0x0000000000100ded                initevec
                0x0000000000100e43                set_evec
                0x0000000000100ee5                trap
 .text          0x000000000010115a       0x15 binaries/exit.o
                0x000000000010115a                exit
 .text          0x000000000010116f       0x82 binaries/freebuf.o
                0x000000000010116f                freebuf
 .text          0x00000000001011f1      0x167 binaries/freemem.o
                0x00000000001011f1                freemem
 .text          0x0000000000101358       0x80 binaries/getbuf.o
                0x0000000000101358                getbuf
 .text          0x00000000001013d8       0x6a binaries/getc.o
                0x00000000001013d8                getc
 .text          0x0000000000101442       0x72 binaries/getdev.o
                0x0000000000101442                getdev
 .text          0x00000000001014b4       0xc8 binaries/getitem.o
                0x00000000001014b4                getfirst
                0x00000000001014f5                getlast
                0x0000000000101538                getitem
 .text          0x000000000010157c       0xfb binaries/getmem.o
                0x000000000010157c                getmem
 .text          0x0000000000101677        0xa binaries/getpid.o
                0x0000000000101677                getpid
 .text          0x0000000000101681       0x77 binaries/getprio.o
                0x0000000000101681                getprio
 .text          0x00000000001016f8       0xf2 binaries/getstk.o
                0x00000000001016f8                getstk
 .text          0x00000000001017ea       0x16 binaries/getticks.o
                0x00000000001017ea                getticks
 .text          0x0000000000101800       0x36 binaries/gettime.o
                0x0000000000101800                gettime
 .text          0x0000000000101836      0x1fd binaries/getutime.o
                0x0000000000101836                getutime
 .text          0x0000000000101a33      0x409 binaries/i386.o
                0x0000000000101a33                setsegs
                0x0000000000101b4a                init8259
                0x0000000000101c1f                pseg
                0x0000000000101de2                setirmask
 .text          0x0000000000101e3c       0x6a binaries/init.o
                0x0000000000101e3c                init
 .text          0x0000000000101ea6      0x3ee binaries/initialize.o
                0x0000000000101ea6                nulluser
                0x000000000010223f                stop
                0x0000000000102266                delay
 .text          0x0000000000102294       0xde binaries/insert.o
                0x0000000000102294                insert
 .text          0x0000000000102372      0x110 binaries/insertd.o
                0x0000000000102372                insertd
 .text          0x0000000000102482        0xa binaries/ioerr.o
                0x0000000000102482                ioerr
 .text          0x000000000010248c        0xa binaries/ionull.o
                0x000000000010248c                ionull
 .text          0x0000000000102496      0x1cf binaries/kill.o
                0x0000000000102496                kill
 .text          0x0000000000102665      0x1e8 binaries/kprintf.o
                0x0000000000102665                kputc
                0x000000000010270e                kgetc
                0x00000000001027b3                kprintf
                0x00000000001027e0                print_ready_list
 .text          0x000000000010284d       0xe7 binaries/main.o
                0x000000000010284d                main
 .text          0x0000000000102934       0xac binaries/mark.o
                0x0000000000102934                markinit
                0x0000000000102957                mark
 .text          0x00000000001029e0       0xca binaries/meminit.o
                0x00000000001029e0                meminit
 .text          0x0000000000102aaa      0x15f binaries/mkbufpool.o
                0x0000000000102aaa                mkbufpool
 .text          0x0000000000102c09       0x94 binaries/newqueue.o
                0x0000000000102c09                newqueue
 .text          0x0000000000102c9d       0x78 binaries/open.o
                0x0000000000102c9d                open
 .text          0x0000000000102d15       0x20 binaries/panic.o
                0x0000000000102d15                panic
 .text          0x0000000000102d35      0x498 binaries/pci.o
                0x0000000000102d35                pci_init
                0x0000000000103001                find_pci_device
                0x000000000010304f                pci_bios_read_config_byte
                0x000000000010308e                pci_bios_read_config_word
                0x00000000001030d0                pci_bios_read_config_dword
                0x000000000010310f                pci_bios_write_config_byte
                0x0000000000103150                pci_bios_write_config_word
                0x0000000000103192                pci_bios_write_config_dword
 .text          0x00000000001031cd       0xe6 binaries/ptclear.o
                0x00000000001031cd                _ptclear
 .text          0x00000000001032b3       0x8f binaries/ptcount.o
                0x00000000001032b3                ptcount
 .text          0x0000000000103342      0x105 binaries/ptcreate.o
                0x0000000000103342                ptcreate
 .text          0x0000000000103447       0x80 binaries/ptdelete.o
                0x0000000000103447                ptdelete
 .text          0x00000000001034c7       0xb7 binaries/ptinit.o
                0x00000000001034c7                ptinit
 .text          0x000000000010357e      0x10a binaries/ptrecv.o
                0x000000000010357e                ptrecv
 .text          0x0000000000103688       0x78 binaries/ptreset.o
                0x0000000000103688                ptreset
 .text          0x0000000000103700      0x128 binaries/ptsend.o
                0x0000000000103700                ptsend
 .text          0x0000000000103828       0x78 binaries/putc.o
                0x0000000000103828                putc
 .text          0x00000000001038a0      0x10d binaries/queue.o
                0x00000000001038a0                enqueue
                0x0000000000103944                dequeue
 .text          0x00000000001039ad       0x78 binaries/read.o
                0x00000000001039ad                read
 .text          0x0000000000103a25       0x84 binaries/ready.o
                0x0000000000103a25                ready
 .text          0x0000000000103aa9       0x61 binaries/receive.o
                0x0000000000103aa9                receive
 .text          0x0000000000103b0a       0x5d binaries/recvclr.o
                0x0000000000103b0a                recvclr
 .text          0x0000000000103b67       0xbc binaries/recvtime.o
                0x0000000000103b67                recvtime
 .text          0x0000000000103c23      0x1b4 binaries/resched.o
                0x0000000000103c23                resched
                0x0000000000103d62                resched_cntl
 .text          0x0000000000103dd7       0xa6 binaries/resume.o
                0x0000000000103dd7                resume
 .text          0x0000000000103e7d       0x71 binaries/seek.o
                0x0000000000103e7d                seek
 .text          0x0000000000103eee       0x69 binaries/semcount.o
                0x0000000000103eee                semcount
 .text          0x0000000000103f57       0xcf binaries/semcreate.o
                0x0000000000103f57                semcreate
 .text          0x0000000000104026       0xba binaries/semdelete.o
                0x0000000000104026                semdelete
 .text          0x00000000001040e0       0xbc binaries/semreset.o
                0x00000000001040e0                semreset
 .text          0x000000000010419c       0xdc binaries/send.o
                0x000000000010419c                send
 .text          0x0000000000104278       0x97 binaries/signal.o
                0x0000000000104278                signal
 .text          0x000000000010430f       0xc3 binaries/signaln.o
                0x000000000010430f                signaln
 .text          0x00000000001043d2       0xe7 binaries/sleep.o
                0x00000000001043d2                sleep
                0x000000000010441c                sleepms
 .text          0x00000000001044b9      0x1b3 binaries/stacktrace.o
                0x00000000001044b9                stacktrace
 .text          0x000000000010466c       0xdc binaries/suspend.o
                0x000000000010466c                suspend
 .text          0x0000000000104748       0xde binaries/unsleep.o
                0x0000000000104748                unsleep
 .text          0x0000000000104826       0x15 binaries/userret.o
                0x0000000000104826                userret
 .text          0x000000000010483b       0xd5 binaries/wait.o
                0x000000000010483b                wait
 .text          0x0000000000104910       0x68 binaries/wakeup.o
                0x0000000000104910                wakeup
 .text          0x0000000000104978       0x78 binaries/write.o
                0x0000000000104978                write
 .text          0x00000000001049f0       0x19 binaries/xdone.o
                0x00000000001049f0                xdone
 .text          0x0000000000104a09       0x25 binaries/yield.o
                0x0000000000104a09                yield
 .text          0x0000000000104a2e       0x11 binaries/abs.o
                0x0000000000104a2e                abs
 .text          0x0000000000104a3f       0x8f binaries/atoi.o
                0x0000000000104a3f                atoi
 .text          0x0000000000104ace       0x8f binaries/atol.o
                0x0000000000104ace                atol
 .text          0x0000000000104b5d       0x31 binaries/bzero.o
                0x0000000000104b5d                bzero
 .text          0x0000000000104b8e        0x0 binaries/ctype_.o
 .text          0x0000000000104b8e      0x8f8 binaries/doprnt.o
                0x0000000000104b8e                _doprnt
 .text          0x0000000000105486      0x6a2 binaries/doscan.o
                0x0000000000105486                _doscan
 .text          0x0000000000105b28      0x723 binaries/fdoprnt.o
                0x0000000000105b28                _fdoprnt
 .text          0x000000000010624b       0x26 binaries/fgetc.o
                0x000000000010624b                fgetc
 .text          0x0000000000106271       0x72 binaries/fgets.o
                0x0000000000106271                fgets
 .text          0x00000000001062e3       0x34 binaries/fprintf.o
                0x00000000001062e3                fprintf
 .text          0x0000000000106317       0x2c binaries/fputc.o
                0x0000000000106317                fputc
 .text          0x0000000000106343       0x43 binaries/fputs.o
                0x0000000000106343                fputs
 .text          0x0000000000106386       0x92 binaries/fscanf.o
                0x0000000000106386                fscanf
 .text          0x0000000000106418       0x2e binaries/getchar.o
                0x0000000000106418                getchar
 .text          0x0000000000106446       0x11 binaries/labs.o
                0x0000000000106446                labs
 .text          0x0000000000106457       0x51 binaries/memcmp.o
                0x0000000000106457                memcmp
 .text          0x00000000001064a8       0x3f binaries/memcpy.o
                0x00000000001064a8                memcpy
 .text          0x00000000001064e7       0x30 binaries/memset.o
                0x00000000001064e7                memset
 .text          0x0000000000106517       0x51 binaries/printf.o
                0x0000000000106517                printf
 .text          0x0000000000106568       0x35 binaries/putchar.o
                0x0000000000106568                putchar
 .text          0x000000000010659d      0x28c binaries/qsort.o
                0x000000000010659d                qsort
 .text          0x0000000000106829       0x5f binaries/rand.o
                0x0000000000106829                rand
                0x000000000010683d                rand_r
                0x000000000010687b                srand
 .text          0x0000000000106888       0x6f binaries/sprintf.o
                0x0000000000106888                sprintf
 .text          0x00000000001068f7       0x7f binaries/sscanf.o
                0x00000000001068f7                sscanf
 .text          0x0000000000106976       0x3c binaries/strchr.o
                0x0000000000106976                strchr
 .text          0x00000000001069b2       0x45 binaries/strcmp.o
                0x00000000001069b2                strcmp
 .text          0x00000000001069f7       0x27 binaries/strcpy.o
                0x00000000001069f7                strcpy
 .text          0x0000000000106a1e       0x26 binaries/strlen.o
                0x0000000000106a1e                strlen
 .text          0x0000000000106a44       0x56 binaries/strncat.o
                0x0000000000106a44                strncat
 .text          0x0000000000106a9a       0x5e binaries/strncmp.o
                0x0000000000106a9a                strncmp
 .text          0x0000000000106af8       0x4f binaries/strncpy.o
                0x0000000000106af8                strncpy
 .text          0x0000000000106b47       0x2e binaries/strnlen.o
                0x0000000000106b47                strnlen
 .text          0x0000000000106b75       0x45 binaries/strrchr.o
                0x0000000000106b75                strrchr
 .text          0x0000000000106bba       0x6d binaries/strstr.o
                0x0000000000106bba                strstr
 .text          0x0000000000106c27       0xd8 binaries/ttycontrol.o
                0x0000000000106c27                ttycontrol
 .text          0x0000000000106cff       0x93 binaries/ttygetc.o
                0x0000000000106cff                ttygetc
 .text          0x0000000000106d92      0x756 binaries/ttyhandle_in.o
                0x0000000000106d92                ttyhandle_in
 .text          0x00000000001074e8      0x19f binaries/ttyhandle_out.o
                0x00000000001074e8                ttyhandle_out
 .text          0x0000000000107687       0xc6 binaries/ttyhandler.o
                0x0000000000107687                ttyhandler
 .text          0x000000000010774d      0x22b binaries/ttyinit.o
                0x000000000010774d                ttyinit
 .text          0x0000000000107978       0x1d binaries/ttykickout.o
                0x0000000000107978                ttykickout
 .text          0x0000000000107995       0xb2 binaries/ttyputc.o
                0x0000000000107995                ttyputc
 .text          0x0000000000107a47      0x10f binaries/ttyread.o
                0x0000000000107a47                ttyread
 .text          0x0000000000107b56       0x4f binaries/ttywrite.o
                0x0000000000107b56                ttywrite
 .text          0x0000000000107ba5      0x16a binaries/mount.o
                0x0000000000107ba5                mount
                0x0000000000107cd9                namlen
 .text          0x0000000000107d0f      0x229 binaries/naminit.o
                0x0000000000107d0f                naminit
 .text          0x0000000000107f38      0x216 binaries/nammap.o
                0x0000000000107f38                nammap
                0x0000000000107fc9                namrepl
                0x00000000001080fe                namcpy
 .text          0x000000000010814e       0x55 binaries/namopen.o
                0x000000000010814e                namopen
 .text          0x00000000001081a3      0xfa3 binaries/82545EMInit.o
                0x00000000001081fa                _82545EMInit
                0x0000000000108fa0                _82545EM_read_phy_reg
                0x000000000010906f                _82545EM_write_phy_reg
 .text          0x0000000000109146      0x24c binaries/ethcontrol.o
                0x000000000010919d                ethcontrol
                0x000000000010931a                ethIrqDisable
                0x0000000000109356                ethIrqEnable
 .text          0x0000000000109392      0x241 binaries/ethhandler.o
                0x0000000000109503                ethhandler
 .text          0x00000000001095d3      0x122 binaries/ethinit.o
                0x00000000001095d3                ethinit
 .text          0x00000000001096f5      0x1f0 binaries/ethread.o
                0x000000000010974c                ethread
 .text          0x00000000001098e5      0x19a binaries/ethwrite.o
                0x000000000010993c                ethwrite
 .text          0x0000000000109a7f      0x2c1 binaries/rdscomm.o
                0x0000000000109a7f                rdscomm
 .text          0x0000000000109d40      0x21b binaries/rdscontrol.o
                0x0000000000109d40                rdscontrol
 .text          0x0000000000109f5b       0x4e binaries/rdsinit.o
                0x0000000000109f5b                rdsinit
 .text          0x0000000000109fa9      0x385 binaries/rdsopen.o
                0x0000000000109fa9                rdsopen
 .text          0x000000000010a32e      0x40d binaries/rdsprocess.o
                0x000000000010a32e                rdsprocess
 .text          0x000000000010a73b      0x5b2 binaries/rdsqfcns.o
                0x000000000010a73b                rdqunlink
                0x000000000010a7dd                rdqinsert
                0x000000000010a832                rdcunlink
                0x000000000010a8dc                rdcinsert
                0x000000000010a9bd                edqdump
                0x000000000010ab79                edcdump
 .text          0x000000000010aced      0x1d7 binaries/rdsread.o
                0x000000000010aced                rdsread
 .text          0x000000000010aec4       0x5c binaries/rdssetprio.o
                0x000000000010aec4                rdssetprio
 .text          0x000000000010af20      0x117 binaries/rdswrite.o
                0x000000000010af20                rdswrite
 .text          0x000000000010b037        0xa binaries/ramclose.o
                0x000000000010b037                ramclose
 .text          0x000000000010b041       0x45 binaries/raminit.o
                0x000000000010b041                raminit
 .text          0x000000000010b086        0xa binaries/ramopen.o
                0x000000000010b086                ramopen
 .text          0x000000000010b090       0x35 binaries/ramread.o
                0x000000000010b090                ramread
 .text          0x000000000010b0c5       0x36 binaries/ramwrite.o
                0x000000000010b0c5                ramwrite
 .text          0x000000000010b0fb       0x9e binaries/lfdballoc.o
                0x000000000010b0fb                lfdballoc
 .text          0x000000000010b199       0x62 binaries/lfdbfree.o
                0x000000000010b199                lfdbfree
 .text          0x000000000010b1fb       0xbf binaries/lfflush.o
                0x000000000010b1fb                lfflush
 .text          0x000000000010b2ba       0xd8 binaries/lfgetmode.o
                0x000000000010b2ba                lfgetmode
 .text          0x000000000010b392       0x6c binaries/lfiballoc.o
                0x000000000010b392                lfiballoc
 .text          0x000000000010b3fe       0x3b binaries/lfibclear.o
                0x000000000010b3fe                lfibclear
 .text          0x000000000010b439       0xae binaries/lfibget.o
                0x000000000010b439                lfibget
 .text          0x000000000010b4e7       0xe0 binaries/lfibput.o
                0x000000000010b4e7                lfibput
 .text          0x000000000010b5c7       0x93 binaries/lflclose.o
                0x000000000010b5c7                lflclose
 .text          0x000000000010b65a       0xb5 binaries/lflcontrol.o
                0x000000000010b65a                lflcontrol
 .text          0x000000000010b70f       0xdf binaries/lflgetc.o
                0x000000000010b70f                lflgetc
 .text          0x000000000010b7ee       0xfb binaries/lflinit.o
                0x000000000010b7ee                lflinit
 .text          0x000000000010b8e9      0x10f binaries/lflputc.o
                0x000000000010b8e9                lflputc
 .text          0x000000000010b9f8       0x6d binaries/lflread.o
                0x000000000010b9f8                lflread
 .text          0x000000000010ba65       0x9c binaries/lflseek.o
                0x000000000010ba65                lflseek
 .text          0x000000000010bb01       0x55 binaries/lflwrite.o
                0x000000000010bb01                lflwrite
 .text          0x000000000010bb56       0x62 binaries/lfscheck.o
                0x000000000010bb56                lfscheck
 .text          0x000000000010bbb8      0x176 binaries/lfsckfmt.o
                0x000000000010bbb8                lfsckfmt
 .text          0x000000000010bd2e      0x221 binaries/lfscreate.o
                0x000000000010bd2e                lfscreate
 .text          0x000000000010bf4f      0x282 binaries/lfsetup.o
                0x000000000010bf4f                lfsetup
 .text          0x000000000010c1d1       0x55 binaries/lfsinit.o
                0x000000000010c1d1                lfsinit
 .text          0x000000000010c226      0x3cb binaries/lfsopen.o
                0x000000000010c226                lfsopen
 .text          0x000000000010c5f1      0x161 binaries/lftruncate.o
                0x000000000010c5f1                lftruncate
 .text          0x000000000010c752      0x1a5 binaries/rflclose.o
                0x000000000010c752                rflclose
 .text          0x000000000010c8f7       0x5d binaries/rflgetc.o
                0x000000000010c8f7                rflgetc
 .text          0x000000000010c954       0x76 binaries/rflinit.o
                0x000000000010c954                rflinit
 .text          0x000000000010c9ca       0x39 binaries/rflputc.o
                0x000000000010c9ca                rflputc
 .text          0x000000000010ca03      0x386 binaries/rflread.o
                0x000000000010ca03                rflread
 .text          0x000000000010cd89       0x68 binaries/rflseek.o
                0x000000000010cd89                rflseek
 .text          0x000000000010cdf1      0x336 binaries/rflwrite.o
                0x000000000010cdf1                rflwrite
 .text          0x000000000010d127      0x22f binaries/rfscomm.o
                0x000000000010d127                rfscomm
 .text          0x000000000010d356      0x258 binaries/rfscontrol.o
                0x000000000010d356                rfscontrol
 .text          0x000000000010d5ae       0xd8 binaries/rfsgetmode.o
                0x000000000010d5ae                rfsgetmode
 .text          0x000000000010d686       0x61 binaries/rfsinit.o
                0x000000000010d686                rfsinit
 .text          0x000000000010d6e7      0x128 binaries/rfsndmsg.o
                0x000000000010d6e7                rfsndmsg
 .text          0x000000000010d80f      0x28d binaries/rfsopen.o
                0x000000000010d80f                rfsopen
 .text          0x000000000010da9c      0x855 binaries/arp.o
                0x000000000010da9c                arp_init
                0x000000000010dace                arp_resolve
                0x000000000010dd9b                arp_in
                0x000000000010e04d                arp_alloc
                0x000000000010e119                arp_ntoh
                0x000000000010e205                arp_hton
 .text          0x000000000010e2f1      0x947 binaries/dhcp.o
                0x000000000010e2f1                dhcp_get_opt_val
                0x000000000010e34a                dhcp_bld_bootp_msg
                0x000000000010e474                dhcp_bld_disc
                0x000000000010e55a                dhcp_bld_req
                0x000000000010e6d7                getlocalip
 .text          0x000000000010ec38      0x6e3 binaries/dns.o
                0x000000000010ec38                dnslookup
 .text          0x000000000010f31b       0xe0 binaries/dot2ip.o
                0x000000000010f31b                dot2ip
 .text          0x000000000010f3fb      0x468 binaries/hexdump.o
                0x000000000010f3fb                hexdump
                0x000000000010f57e                hexadump
 .text          0x000000000010f863      0x8c4 binaries/icmp.o
                0x000000000010f863                icmp_init
                0x000000000010f899                icmp_in
                0x000000000010faa1                icmp_register
                0x000000000010fb93                icmp_recv
                0x000000000010fd0c                icmp_send
                0x000000000010fda1                icmp_mkpkt
                0x000000000010febc                icmp_release
                0x000000000010ffac                icmp_cksum
                0x000000000011003f                icmp_hton
                0x00000000001100b3                icmp_ntoh
 .text          0x0000000000110127      0x81d binaries/ip.o
                0x0000000000110127                ip_in
                0x0000000000110273                ip_send
                0x00000000001103b5                ip_local
                0x00000000001103f8                ip_out
                0x0000000000110525                ipcksum
                0x00000000001105ab                ip_ntoh
                0x0000000000110697                ip_hton
                0x0000000000110783                ipout
                0x00000000001108a5                ip_enqueue
 .text          0x0000000000110944      0x2ed binaries/net.o
                0x0000000000110944                net_init
                0x0000000000110a9c                netin
                0x0000000000110b48                eth_hton
                0x0000000000110b72                eth_ntoh
                0x0000000000110b9c                getport
 .text          0x0000000000110c31     0x1539 binaries/pdump.o
                0x0000000000110c31                pdump
                0x0000000000111a4d                pdumph
 .text          0x000000000011216a      0x64a binaries/tftp.o
                0x000000000011216a                tftp_send1
                0x00000000001122fa                tftpget
                0x000000000011233c                tftpget_mb
 .text          0x00000000001127b4      0xb08 binaries/udp.o
                0x00000000001127b4                udp_init
                0x00000000001127e8                udp_in
                0x0000000000112923                udp_register
                0x0000000000112a57                udp_recv
                0x0000000000112bdd                udp_recvaddr
                0x0000000000112d7b                udp_send
                0x0000000000112f4a                udp_sendto
                0x00000000001130e5                udp_release
                0x00000000001131d2                udp_ntoh
                0x0000000000113247                udp_hton
 .text          0x00000000001132bc      0x138 binaries/addargs.o
                0x00000000001132bc                addargs
 .text          0x00000000001133f4      0x2c9 binaries/lexan.o
                0x00000000001133f4                lexan
 .text          0x00000000001136bd      0x6ef binaries/shell.o
                0x00000000001136bd                shell
 .text          0x0000000000113dac       0x68 binaries/xsh_argecho.o
                0x0000000000113dac                xsh_argecho
 .text          0x0000000000113e14      0x23a binaries/xsh_arp.o
                0x0000000000113e14                xsh_arp
 .text          0x000000000011404e      0x25d binaries/xsh_cat.o
                0x000000000011404e                xsh_cat
 .text          0x00000000001142ab       0x5d binaries/xsh_clear.o
                0x00000000001142ab                xsh_clear
 .text          0x0000000000114308      0x2f4 binaries/xsh_date.o
                0x0000000000114308                xsh_date
 .text          0x00000000001145fc       0xaf binaries/xsh_devdump.o
                0x00000000001145fc                xsh_devdump
 .text          0x00000000001146ab       0x6c binaries/xsh_echo.o
                0x00000000001146ab                xsh_echo
 .text          0x0000000000114717        0xa binaries/xsh_exit.o
                0x0000000000114717                xsh_exit
 .text          0x0000000000114721      0x370 binaries/xsh_help.o
                0x0000000000114721                xsh_help
 .text          0x0000000000114a91      0x246 binaries/xsh_kill.o
                0x0000000000114a91                xsh_kill
 .text          0x0000000000114cd7      0x559 binaries/xsh_ls.o
                0x0000000000114cd7                xsh_ls
 .text          0x0000000000115230      0x522 binaries/xsh_memdump.o
                0x0000000000115230                xsh_memdump
 .text          0x0000000000115752      0x2a1 binaries/xsh_memstat.o
                0x0000000000115752                xsh_memstat
 .text          0x00000000001159f3      0x5be binaries/xsh_netinfo.o
                0x00000000001159f3                xsh_netinfo
 .text          0x0000000000115fb1      0x608 binaries/xsh_ns.o
                0x0000000000115fb1                xsh_ns
 .text          0x00000000001165b9      0x3e7 binaries/xsh_ping.o
                0x00000000001165b9                xsh_ping
 .text          0x00000000001169a0      0x265 binaries/xsh_ps.o
                0x00000000001169a0                xsh_ps
 .text          0x0000000000116c05      0x223 binaries/xsh_sleep.o
                0x0000000000116c05                xsh_sleep
 .text          0x0000000000116e28      0x2ba binaries/xsh_udpdump.o
                0x0000000000116e28                xsh_udpdump
 .text          0x00000000001170e2      0x5a8 binaries/xsh_udpecho.o
                0x00000000001170e2                xsh_udpecho
 .text          0x000000000011768a      0x2e1 binaries/xsh_udpserver.o
                0x000000000011768a                xsh_udpeserver
 .text          0x000000000011796b      0x1e5 binaries/xsh_uptime.o
                0x000000000011796b                xsh_uptime
 .text          0x0000000000117b50        0xe binaries/clkdisp.o
                0x0000000000117b50                clkdisp
 .text          0x0000000000117b5e       0x19 binaries/ctxsw.o
                0x0000000000117b5e                ctxsw
 .text          0x0000000000117b77      0x368 binaries/intr.o
                0x0000000000117b77                disable
                0x0000000000117b80                restore
                0x0000000000117b8e                enable
                0x0000000000117b90                pause
                0x0000000000117b97                halt
                0x0000000000117b9a                spurious_irq7
                0x0000000000117b9f                spurious_irq15
                0x0000000000117bae                _Xint0
                0x0000000000117bb9                _Xint1
                0x0000000000117bc4                _Xint2
                0x0000000000117bcf                _Xint3
                0x0000000000117bda                _Xint4
                0x0000000000117be5                _Xint5
                0x0000000000117bf0                _Xint6
                0x0000000000117bfb                _Xint7
                0x0000000000117c06                _Xint8
                0x0000000000117c11                _Xint9
                0x0000000000117c1c                _Xint10
                0x0000000000117c27                _Xint11
                0x0000000000117c35                _Xint12
                0x0000000000117c43                _Xint13
                0x0000000000117c51                _Xint14
                0x0000000000117c5f                _Xint15
                0x0000000000117c6d                _Xint16
                0x0000000000117c7b                _Xint17
                0x0000000000117c89                _Xint18
                0x0000000000117c97                _Xint19
                0x0000000000117ca5                _Xint20
                0x0000000000117cb3                _Xint21
                0x0000000000117cc1                _Xint22
                0x0000000000117ccf                _Xint23
                0x0000000000117cdd                _Xint24
                0x0000000000117ceb                _Xint25
                0x0000000000117cf9                _Xint26
                0x0000000000117d07                _Xint27
                0x0000000000117d15                _Xint28
                0x0000000000117d23                _Xint29
                0x0000000000117d31                _Xint30
                0x0000000000117d3f                _Xint31
                0x0000000000117d4d                _Xint32
                0x0000000000117d5b                _Xint33
                0x0000000000117d69                _Xint34
                0x0000000000117d77                _Xint35
                0x0000000000117d85                _Xint36
                0x0000000000117d93                _Xint37
                0x0000000000117da1                _Xint38
                0x0000000000117daf                _Xint39
                0x0000000000117dbd                _Xint40
                0x0000000000117dcb                _Xint41
                0x0000000000117dd9                _Xint42
                0x0000000000117de7                _Xint43
                0x0000000000117df5                _Xint44
                0x0000000000117e03                _Xint45
                0x0000000000117e11                _Xint46
                0x0000000000117e1f                defevec
 .text          0x0000000000117edf        0xf binaries/ttydispatch.o
                0x0000000000117edf                ttydispatch
 .text          0x0000000000117eee       0x13 binaries/ethdispatch.o
                0x0000000000117eee                ethdispatch
 *(.rodata .rodata.*)
 *fill*         0x0000000000117f01        0x3 
 .rodata        0x0000000000117f04       0x8e binaries/ascdate.o
 .rodata        0x0000000000117f92       0xae binaries/conf.o
 .rodata        0x0000000000118040      0x22f binaries/evec.o
 *fill*         0x000000000011826f        0x1 
 .rodata        0x0000000000118270       0x61 binaries/getutime.o
 *fill*         0x00000000001182d1        0x3 
 .rodata        0x00000000001182d4       0x90 binaries/i386.o
 .rodata        0x0000000000118364      0x186 binaries/initialize.o
 *fill*         0x00000000001184ea        0x2 
 .rodata        0x00000000001184ec       0x20 binaries/kill.o
 .rodata        0x000000000011850c       0x1b binaries/kprintf.o
 *fill*         0x0000000000118527        0x1 
 .rodata        0x0000000000118528       0x2e binaries/main.o
 .rodata        0x0000000000118556        0xf binaries/panic.o
 *fill*         0x0000000000118565        0x3 
 .rodata        0x0000000000118568      0x1ec binaries/pci.o
 .rodata        0x0000000000118754       0x1d binaries/ptinit.o
 *fill*         0x0000000000118771        0x3 
 .rodata        0x0000000000118774       0x25 binaries/ptsend.o
 .rodata        0x0000000000118799        0xe binaries/resched.o
 *fill*         0x00000000001187a7        0x1 
 .rodata        0x00000000001187a8       0xb7 binaries/stacktrace.o
 *fill*         0x000000000011885f        0x1 
 .rodata        0x0000000000118860       0x27 binaries/xdone.o
 *fill*         0x0000000000118887       0x19 
 .rodata        0x00000000001188a0       0x81 binaries/ctype_.o
                0x00000000001188a0                _ctype_
 *fill*         0x0000000000118921        0x3 
 .rodata        0x0000000000118924       0xee binaries/doprnt.o
 *fill*         0x0000000000118a12        0x2 
 .rodata        0x0000000000118a14       0x98 binaries/doscan.o
 .rodata        0x0000000000118aac       0xae binaries/fdoprnt.o
 *fill*         0x0000000000118b5a        0x2 
 .rodata        0x0000000000118b5c       0x20 binaries/ttycontrol.o
 .rodata        0x0000000000118b7c       0x34 binaries/ttyhandler.o
 .rodata        0x0000000000118bb0       0x14 binaries/mount.o
 .rodata        0x0000000000118bc4       0x82 binaries/naminit.o
 *fill*         0x0000000000118c46        0x2 
 .rodata        0x0000000000118c48       0x2e binaries/82545EMInit.o
 *fill*         0x0000000000118c76        0x2 
 .rodata        0x0000000000118c78       0x78 binaries/ethinit.o
 .rodata        0x0000000000118cf0       0x18 binaries/ethread.o
 .rodata        0x0000000000118d08       0x76 binaries/rdscomm.o
 *fill*         0x0000000000118d7e        0x2 
 .rodata        0x0000000000118d80       0x21 binaries/rdscontrol.o
 *fill*         0x0000000000118da1        0x3 
 .rodata        0x0000000000118da4       0xae binaries/rdsopen.o
 *fill*         0x0000000000118e52        0x2 
 .rodata        0x0000000000118e54       0x3e binaries/rdsprocess.o
 *fill*         0x0000000000118e92        0x2 
 .rodata        0x0000000000118e94       0xe2 binaries/rdsqfcns.o
 .rodata        0x0000000000118f76        0x9 binaries/raminit.o
 *fill*         0x0000000000118f7f        0x1 
 .rodata        0x0000000000118f80       0x36 binaries/lfdballoc.o
 .rodata        0x0000000000118fb6       0x14 binaries/lfiballoc.o
 *fill*         0x0000000000118fca        0x2 
 .rodata        0x0000000000118fcc       0x22 binaries/lflcontrol.o
 *fill*         0x0000000000118fee        0x2 
 .rodata        0x0000000000118ff0      0x118 binaries/lfsckfmt.o
 .rodata        0x0000000000119108       0x66 binaries/lfsopen.o
 *fill*         0x000000000011916e        0x2 
 .rodata        0x0000000000119170       0x21 binaries/rflclose.o
 *fill*         0x0000000000119191        0x3 
 .rodata        0x0000000000119194       0x21 binaries/rflread.o
 *fill*         0x00000000001191b5        0x3 
 .rodata        0x00000000001191b8       0x21 binaries/rflwrite.o
 *fill*         0x00000000001191d9        0x3 
 .rodata        0x00000000001191dc       0xa1 binaries/rfscomm.o
 *fill*         0x000000000011927d        0x3 
 .rodata        0x0000000000119280       0x3c binaries/rfscontrol.o
 .rodata        0x00000000001192bc       0x2b binaries/rfsinit.o
 *fill*         0x00000000001192e7        0x1 
 .rodata        0x00000000001192e8       0x2a binaries/rfsndmsg.o
 *fill*         0x0000000000119312        0x2 
 .rodata        0x0000000000119314       0x21 binaries/rfsopen.o
 *fill*         0x0000000000119335        0x3 
 .rodata        0x0000000000119338       0x3a binaries/arp.o
 *fill*         0x0000000000119372        0x2 
 .rodata        0x0000000000119374       0xcf binaries/dhcp.o
 .rodata        0x0000000000119443       0x24 binaries/dns.o
 *fill*         0x0000000000119467        0x1 
 .rodata        0x0000000000119468       0xc9 binaries/hexdump.o
 *fill*         0x0000000000119531        0x3 
 .rodata        0x0000000000119534       0x29 binaries/icmp.o
 *fill*         0x000000000011955d        0x3 
 .rodata        0x0000000000119560       0x52 binaries/ip.o
 *fill*         0x00000000001195b2        0x2 
 .rodata        0x00000000001195b4       0x4f binaries/net.o
 *fill*         0x0000000000119603        0x1 
 .rodata        0x0000000000119604      0x26f binaries/pdump.o
 *fill*         0x0000000000119873        0x1 
 .rodata        0x0000000000119874      0x154 binaries/tftp.o
 *fill*         0x00000000001199c8       0x18 
 .rodata        0x00000000001199e0      0x3f9 binaries/shell.o
                0x0000000000119a80                cmdtab
 .rodata        0x0000000000119dd9       0x28 binaries/xsh_argecho.o
 *fill*         0x0000000000119e01        0x3 
 .rodata        0x0000000000119e04      0x123 binaries/xsh_arp.o
 *fill*         0x0000000000119f27        0x1 
 .rodata        0x0000000000119f28       0xc9 binaries/xsh_cat.o
 .rodata        0x0000000000119ff1       0x19 binaries/xsh_clear.o
 *fill*         0x000000000011a00a        0x2 
 .rodata        0x000000000011a00c      0x1c3 binaries/xsh_date.o
 .rodata        0x000000000011a1cf       0x5d binaries/xsh_devdump.o
 .rodata        0x000000000011a22c        0x9 binaries/xsh_echo.o
 *fill*         0x000000000011a235        0x3 
 .rodata        0x000000000011a238      0x169 binaries/xsh_help.o
 *fill*         0x000000000011a3a1        0x3 
 .rodata        0x000000000011a3a4      0x12e binaries/xsh_kill.o
 *fill*         0x000000000011a4d2        0x2 
 .rodata        0x000000000011a4d4      0x190 binaries/xsh_ls.o
 .rodata        0x000000000011a664      0x266 binaries/xsh_memdump.o
 *fill*         0x000000000011a8ca        0x2 
 .rodata        0x000000000011a8cc      0x225 binaries/xsh_memstat.o
 *fill*         0x000000000011aaf1        0x3 
 .rodata        0x000000000011aaf4      0x1b0 binaries/xsh_netinfo.o
 *fill*         0x000000000011aca4       0x1c 
 .rodata        0x000000000011acc0      0x340 binaries/xsh_ns.o
 .rodata        0x000000000011b000      0x19d binaries/xsh_ping.o
 *fill*         0x000000000011b19d        0x3 
 .rodata        0x000000000011b1a0      0x1e0 binaries/xsh_ps.o
 .rodata        0x000000000011b380       0xeb binaries/xsh_sleep.o
 *fill*         0x000000000011b46b        0x1 
 .rodata        0x000000000011b46c      0x1b8 binaries/xsh_udpdump.o
 .rodata        0x000000000011b624      0x27d binaries/xsh_udpecho.o
 *fill*         0x000000000011b8a1        0x3 
 .rodata        0x000000000011b8a4      0x12b binaries/xsh_udpserver.o
 *fill*         0x000000000011b9cf        0x1 
 .rodata        0x000000000011b9d0      0x105 binaries/xsh_uptime.o
                0x000000000011bad5                etext = ABSOLUTE (.)
                0x000000000011c000                . = ALIGN (0x1000)
 *fill*         0x000000000011bad5      0x52b 

.eh_frame       0x000000000011c000     0x2dac
 .eh_frame      0x000000000011c000       0x40 binaries/ascdate.o
 .eh_frame      0x000000000011c040       0x20 binaries/bufinit.o
                                         0x38 (size before relaxing)
 .eh_frame      0x000000000011c060       0x20 binaries/burst_execution.o
                                         0x38 (size before relaxing)
 .eh_frame      0x000000000011c080       0x20 binaries/chprio.o
                                         0x38 (size before relaxing)
 .eh_frame      0x000000000011c0a0       0x20 binaries/clkhandler.o
                                         0x38 (size before relaxing)
 .eh_frame      0x000000000011c0c0       0x20 binaries/clkinit.o
                                         0x38 (size before relaxing)
 .eh_frame      0x000000000011c0e0       0x20 binaries/close.o
                                         0x38 (size before relaxing)
 .eh_frame      0x000000000011c100       0x20 binaries/control.o
                                         0x38 (size before relaxing)
 .eh_frame      0x000000000011c120       0x60 binaries/create.o
                                         0x78 (size before relaxing)
 .eh_frame      0x000000000011c180       0x60 binaries/evec.o
                                         0x78 (size before relaxing)
 .eh_frame      0x000000000011c1e0       0x20 binaries/exit.o
                                         0x38 (size before relaxing)
 .eh_frame      0x000000000011c200       0x20 binaries/freebuf.o
                                         0x38 (size before relaxing)
 .eh_frame      0x000000000011c220       0x20 binaries/freemem.o
                                         0x38 (size before relaxing)
 .eh_frame      0x000000000011c240       0x20 binaries/getbuf.o
                                         0x38 (size before relaxing)
 .eh_frame      0x000000000011c260       0x20 binaries/getc.o
                                         0x38 (size before relaxing)
 .eh_frame      0x000000000011c280       0x20 binaries/getdev.o
                                         0x38 (size before relaxing)
 .eh_frame      0x000000000011c2a0       0x60 binaries/getitem.o
                                         0x78 (size before relaxing)
 .eh_frame      0x000000000011c300       0x20 binaries/getmem.o
                                         0x38 (size before relaxing)
 .eh_frame      0x000000000011c320       0x20 binaries/getpid.o
                                         0x38 (size before relaxing)
 .eh_frame      0x000000000011c340       0x20 binaries/getprio.o
                                         0x38 (size before relaxing)
 .eh_frame      0x000000000011c360       0x20 binaries/getstk.o
                                         0x38 (size before relaxing)
 .eh_frame      0x000000000011c380       0x20 binaries/getticks.o
                                         0x38 (size before relaxing)
 .eh_frame      0x000000000011c3a0       0x20 binaries/gettime.o
                                         0x38 (size before relaxing)
 .eh_frame      0x000000000011c3c0       0x20 binaries/getutime.o
                                         0x38 (size before relaxing)
 .eh_frame      0x000000000011c3e0       0x8c binaries/i386.o
                                         0xa4 (size before relaxing)
 .eh_frame      0x000000000011c46c       0x20 binaries/init.o
                                         0x38 (size before relaxing)
 .eh_frame      0x000000000011c48c       0xa0 binaries/initialize.o
                                         0xb8 (size before relaxing)
 .eh_frame      0x000000000011c52c       0x20 binaries/insert.o
                                         0x38 (size before relaxing)
 .eh_frame      0x000000000011c54c       0x20 binaries/insertd.o
                                         0x38 (size before relaxing)
 .eh_frame      0x000000000011c56c       0x20 binaries/ioerr.o
                                         0x38 (size before relaxing)
 .eh_frame      0x000000000011c58c       0x20 binaries/ionull.o
                                         0x38 (size before relaxing)
 .eh_frame      0x000000000011c5ac       0x28 binaries/kill.o
                                         0x40 (size before relaxing)
 .eh_frame      0x000000000011c5d4       0x80 binaries/kprintf.o
                                         0x98 (size before relaxing)
 .eh_frame      0x000000000011c654       0x1c binaries/main.o
                                         0x34 (size before relaxing)
 .eh_frame      0x000000000011c670       0x40 binaries/mark.o
                                         0x58 (size before relaxing)
 .eh_frame      0x000000000011c6b0       0x20 binaries/meminit.o
                                         0x38 (size before relaxing)
 .eh_frame      0x000000000011c6d0       0x20 binaries/mkbufpool.o
                                         0x38 (size before relaxing)
 .eh_frame      0x000000000011c6f0       0x20 binaries/newqueue.o
                                         0x38 (size before relaxing)
 .eh_frame      0x000000000011c710       0x20 binaries/open.o
                                         0x38 (size before relaxing)
 .eh_frame      0x000000000011c730       0x1c binaries/panic.o
                                         0x34 (size before relaxing)
 .eh_frame      0x000000000011c74c      0x1c8 binaries/pci.o
                                        0x1e0 (size before relaxing)
 .eh_frame      0x000000000011c914       0x20 binaries/ptclear.o
                                         0x38 (size before relaxing)
 .eh_frame      0x000000000011c934       0x20 binaries/ptcount.o
                                         0x38 (size before relaxing)
 .eh_frame      0x000000000011c954       0x20 binaries/ptcreate.o
                                         0x38 (size before relaxing)
 .eh_frame      0x000000000011c974       0x20 binaries/ptdelete.o
                                         0x38 (size before relaxing)
 .eh_frame      0x000000000011c994       0x20 binaries/ptinit.o
                                         0x38 (size before relaxing)
 .eh_frame      0x000000000011c9b4       0x20 binaries/ptrecv.o
                                         0x38 (size before relaxing)
 .eh_frame      0x000000000011c9d4       0x20 binaries/ptreset.o
                                         0x38 (size before relaxing)
 .eh_frame      0x000000000011c9f4       0x20 binaries/ptsend.o
                                         0x38 (size before relaxing)
 .eh_frame      0x000000000011ca14       0x20 binaries/putc.o
                                         0x38 (size before relaxing)
 .eh_frame      0x000000000011ca34       0x40 binaries/queue.o
                                         0x58 (size before relaxing)
 .eh_frame      0x000000000011ca74       0x20 binaries/read.o
                                         0x38 (size before relaxing)
 .eh_frame      0x000000000011ca94       0x24 binaries/ready.o
                                         0x3c (size before relaxing)
 .eh_frame      0x000000000011cab8       0x20 binaries/receive.o
                                         0x38 (size before relaxing)
 .eh_frame      0x000000000011cad8       0x20 binaries/recvclr.o
                                         0x38 (size before relaxing)
 .eh_frame      0x000000000011caf8       0x20 binaries/recvtime.o
                                         0x38 (size before relaxing)
 .eh_frame      0x000000000011cb18       0x40 binaries/resched.o
                                         0x58 (size before relaxing)
 .eh_frame      0x000000000011cb58       0x20 binaries/resume.o
                                         0x38 (size before relaxing)
 .eh_frame      0x000000000011cb78       0x20 binaries/seek.o
                                         0x38 (size before relaxing)
 .eh_frame      0x000000000011cb98       0x20 binaries/semcount.o
                                         0x38 (size before relaxing)
 .eh_frame      0x000000000011cbb8       0x40 binaries/semcreate.o
                                         0x58 (size before relaxing)
 .eh_frame      0x000000000011cbf8       0x20 binaries/semdelete.o
                                         0x38 (size before relaxing)
 .eh_frame      0x000000000011cc18       0x20 binaries/semreset.o
                                         0x38 (size before relaxing)
 .eh_frame      0x000000000011cc38       0x20 binaries/send.o
                                         0x38 (size before relaxing)
 .eh_frame      0x000000000011cc58       0x20 binaries/signal.o
                                         0x38 (size before relaxing)
 .eh_frame      0x000000000011cc78       0x20 binaries/signaln.o
                                         0x38 (size before relaxing)
 .eh_frame      0x000000000011cc98       0x40 binaries/sleep.o
                                         0x58 (size before relaxing)
 .eh_frame      0x000000000011ccd8       0x20 binaries/stacktrace.o
                                         0x38 (size before relaxing)
 .eh_frame      0x000000000011ccf8       0x20 binaries/suspend.o
                                         0x38 (size before relaxing)
 .eh_frame      0x000000000011cd18       0x20 binaries/unsleep.o
                                         0x38 (size before relaxing)
 .eh_frame      0x000000000011cd38       0x20 binaries/userret.o
                                         0x38 (size before relaxing)
 .eh_frame      0x000000000011cd58       0x20 binaries/wait.o
                                         0x38 (size before relaxing)
 .eh_frame      0x000000000011cd78       0x20 binaries/wakeup.o
                                         0x38 (size before relaxing)
 .eh_frame      0x000000000011cd98       0x20 binaries/write.o
                                         0x38 (size before relaxing)
 .eh_frame      0x000000000011cdb8       0x20 binaries/xdone.o
                                         0x38 (size before relaxing)
 .eh_frame      0x000000000011cdd8       0x20 binaries/yield.o
                                         0x38 (size before relaxing)
 .eh_frame      0x000000000011cdf8       0x20 binaries/abs.o
                                         0x38 (size before relaxing)
 .eh_frame      0x000000000011ce18       0x20 binaries/atoi.o
                                         0x38 (size before relaxing)
 .eh_frame      0x000000000011ce38       0x20 binaries/atol.o
                                         0x38 (size before relaxing)
 .eh_frame      0x000000000011ce58       0x20 binaries/bzero.o
                                         0x38 (size before relaxing)
 .eh_frame      0x000000000011ce78       0xe4 binaries/doprnt.o
                                         0xfc (size before relaxing)
 .eh_frame      0x000000000011cf5c       0xb0 binaries/doscan.o
                                         0xc8 (size before relaxing)
 .eh_frame      0x000000000011d00c       0xc0 binaries/fdoprnt.o
                                         0xd8 (size before relaxing)
 .eh_frame      0x000000000011d0cc       0x20 binaries/fgetc.o
                                         0x38 (size before relaxing)
 .eh_frame      0x000000000011d0ec       0x20 binaries/fgets.o
                                         0x38 (size before relaxing)
 .eh_frame      0x000000000011d10c       0x20 binaries/fprintf.o
                                         0x38 (size before relaxing)
 .eh_frame      0x000000000011d12c       0x20 binaries/fputc.o
                                         0x38 (size before relaxing)
 .eh_frame      0x000000000011d14c       0x20 binaries/fputs.o
                                         0x38 (size before relaxing)
 .eh_frame      0x000000000011d16c       0x60 binaries/fscanf.o
                                         0x78 (size before relaxing)
 .eh_frame      0x000000000011d1cc       0x20 binaries/getchar.o
                                         0x38 (size before relaxing)
 .eh_frame      0x000000000011d1ec       0x20 binaries/labs.o
                                         0x38 (size before relaxing)
 .eh_frame      0x000000000011d20c       0x20 binaries/memcmp.o
                                         0x38 (size before relaxing)
 .eh_frame      0x000000000011d22c       0x24 binaries/memcpy.o
                                         0x3c (size before relaxing)
 .eh_frame      0x000000000011d250       0x24 binaries/memset.o
                                         0x3c (size before relaxing)
 .eh_frame      0x000000000011d274       0x20 binaries/printf.o
                                         0x38 (size before relaxing)
 .eh_frame      0x000000000011d294       0x20 binaries/putchar.o
                                         0x38 (size before relaxing)
 .eh_frame      0x000000000011d2b4       0xa8 binaries/qsort.o
                                         0xc0 (size before relaxing)
 .eh_frame      0x000000000011d35c       0x60 binaries/rand.o
                                         0x78 (size before relaxing)
 .eh_frame      0x000000000011d3bc       0x40 binaries/sprintf.o
                                         0x58 (size before relaxing)
 .eh_frame      0x000000000011d3fc       0x60 binaries/sscanf.o
                                         0x78 (size before relaxing)
 .eh_frame      0x000000000011d45c       0x20 binaries/strchr.o
                                         0x38 (size before relaxing)
 .eh_frame      0x000000000011d47c       0x20 binaries/strcmp.o
                                         0x38 (size before relaxing)
 .eh_frame      0x000000000011d49c       0x20 binaries/strcpy.o
                                         0x38 (size before relaxing)
 .eh_frame      0x000000000011d4bc       0x20 binaries/strlen.o
                                         0x38 (size before relaxing)
 .eh_frame      0x000000000011d4dc       0x20 binaries/strncat.o
                                         0x38 (size before relaxing)
 .eh_frame      0x000000000011d4fc       0x20 binaries/strncmp.o
                                         0x38 (size before relaxing)
 .eh_frame      0x000000000011d51c       0x28 binaries/strncpy.o
                                         0x40 (size before relaxing)
 .eh_frame      0x000000000011d544       0x20 binaries/strnlen.o
                                         0x38 (size before relaxing)
 .eh_frame      0x000000000011d564       0x20 binaries/strrchr.o
                                         0x38 (size before relaxing)
 .eh_frame      0x000000000011d584       0x20 binaries/strstr.o
                                         0x38 (size before relaxing)
 .eh_frame      0x000000000011d5a4       0x20 binaries/ttycontrol.o
                                         0x38 (size before relaxing)
 .eh_frame      0x000000000011d5c4       0x20 binaries/ttygetc.o
                                         0x38 (size before relaxing)
 .eh_frame      0x000000000011d5e4       0x80 binaries/ttyhandle_in.o
                                         0x98 (size before relaxing)
 .eh_frame      0x000000000011d664       0x20 binaries/ttyhandle_out.o
                                         0x38 (size before relaxing)
 .eh_frame      0x000000000011d684       0x20 binaries/ttyhandler.o
                                         0x38 (size before relaxing)
 .eh_frame      0x000000000011d6a4       0x20 binaries/ttyinit.o
                                         0x38 (size before relaxing)
 .eh_frame      0x000000000011d6c4       0x20 binaries/ttykickout.o
                                         0x38 (size before relaxing)
 .eh_frame      0x000000000011d6e4       0x20 binaries/ttyputc.o
                                         0x38 (size before relaxing)
 .eh_frame      0x000000000011d704       0x28 binaries/ttyread.o
                                         0x40 (size before relaxing)
 .eh_frame      0x000000000011d72c       0x20 binaries/ttywrite.o
                                         0x38 (size before relaxing)
 .eh_frame      0x000000000011d74c       0x40 binaries/mount.o
                                         0x58 (size before relaxing)
 .eh_frame      0x000000000011d78c       0x20 binaries/naminit.o
                                         0x38 (size before relaxing)
 .eh_frame      0x000000000011d7ac       0x60 binaries/nammap.o
                                         0x78 (size before relaxing)
 .eh_frame      0x000000000011d80c       0x20 binaries/namopen.o
                                         0x38 (size before relaxing)
 .eh_frame      0x000000000011d82c      0x150 binaries/82545EMInit.o
                                        0x168 (size before relaxing)
 .eh_frame      0x000000000011d97c       0xa0 binaries/ethcontrol.o
                                         0xb8 (size before relaxing)
 .eh_frame      0x000000000011da1c       0x80 binaries/ethhandler.o
                                         0x98 (size before relaxing)
 .eh_frame      0x000000000011da9c       0x20 binaries/ethinit.o
                                         0x38 (size before relaxing)
 .eh_frame      0x000000000011dabc       0x60 binaries/ethread.o
                                         0x78 (size before relaxing)
 .eh_frame      0x000000000011db1c       0x60 binaries/ethwrite.o
                                         0x78 (size before relaxing)
 .eh_frame      0x000000000011db7c       0x20 binaries/rdscomm.o
                                         0x38 (size before relaxing)
 .eh_frame      0x000000000011db9c       0x20 binaries/rdscontrol.o
                                         0x38 (size before relaxing)
 .eh_frame      0x000000000011dbbc       0x20 binaries/rdsinit.o
                                         0x38 (size before relaxing)
 .eh_frame      0x000000000011dbdc       0x20 binaries/rdsopen.o
                                         0x38 (size before relaxing)
 .eh_frame      0x000000000011dbfc       0x1c binaries/rdsprocess.o
                                         0x34 (size before relaxing)
 .eh_frame      0x000000000011dc18       0xc0 binaries/rdsqfcns.o
                                         0xd8 (size before relaxing)
 .eh_frame      0x000000000011dcd8       0x20 binaries/rdsread.o
                                         0x38 (size before relaxing)
 .eh_frame      0x000000000011dcf8       0x20 binaries/rdssetprio.o
                                         0x38 (size before relaxing)
 .eh_frame      0x000000000011dd18       0x20 binaries/rdswrite.o
                                         0x38 (size before relaxing)
 .eh_frame      0x000000000011dd38       0x20 binaries/ramclose.o
                                         0x38 (size before relaxing)
 .eh_frame      0x000000000011dd58       0x20 binaries/raminit.o
                                         0x38 (size before relaxing)
 .eh_frame      0x000000000011dd78       0x20 binaries/ramopen.o
                                         0x38 (size before relaxing)
 .eh_frame      0x000000000011dd98       0x20 binaries/ramread.o
                                         0x38 (size before relaxing)
 .eh_frame      0x000000000011ddb8       0x20 binaries/ramwrite.o
                                         0x38 (size before relaxing)
 .eh_frame      0x000000000011ddd8       0x20 binaries/lfdballoc.o
                                         0x38 (size before relaxing)
 .eh_frame      0x000000000011ddf8       0x20 binaries/lfdbfree.o
                                         0x38 (size before relaxing)
 .eh_frame      0x000000000011de18       0x20 binaries/lfflush.o
                                         0x38 (size before relaxing)
 .eh_frame      0x000000000011de38       0x20 binaries/lfgetmode.o
                                         0x38 (size before relaxing)
 .eh_frame      0x000000000011de58       0x20 binaries/lfiballoc.o
                                         0x38 (size before relaxing)
 .eh_frame      0x000000000011de78       0x20 binaries/lfibclear.o
                                         0x38 (size before relaxing)
 .eh_frame      0x000000000011de98       0x20 binaries/lfibget.o
                                         0x38 (size before relaxing)
 .eh_frame      0x000000000011deb8       0x20 binaries/lfibput.o
                                         0x38 (size before relaxing)
 .eh_frame      0x000000000011ded8       0x20 binaries/lflclose.o
                                         0x38 (size before relaxing)
 .eh_frame      0x000000000011def8       0x20 binaries/lflcontrol.o
                                         0x38 (size before relaxing)
 .eh_frame      0x000000000011df18       0x20 binaries/lflgetc.o
                                         0x38 (size before relaxing)
 .eh_frame      0x000000000011df38       0x20 binaries/lflinit.o
                                         0x38 (size before relaxing)
 .eh_frame      0x000000000011df58       0x20 binaries/lflputc.o
                                         0x38 (size before relaxing)
 .eh_frame      0x000000000011df78       0x20 binaries/lflread.o
                                         0x38 (size before relaxing)
 .eh_frame      0x000000000011df98       0x20 binaries/lflseek.o
                                         0x38 (size before relaxing)
 .eh_frame      0x000000000011dfb8       0x20 binaries/lflwrite.o
                                         0x38 (size before relaxing)
 .eh_frame      0x000000000011dfd8       0x20 binaries/lfscheck.o
                                         0x38 (size before relaxing)
 .eh_frame      0x000000000011dff8       0x20 binaries/lfsckfmt.o
                                         0x38 (size before relaxing)
 .eh_frame      0x000000000011e018       0x20 binaries/lfscreate.o
                                         0x38 (size before relaxing)
 .eh_frame      0x000000000011e038       0x20 binaries/lfsetup.o
                                         0x38 (size before relaxing)
 .eh_frame      0x000000000011e058       0x20 binaries/lfsinit.o
                                         0x38 (size before relaxing)
 .eh_frame      0x000000000011e078       0x20 binaries/lfsopen.o
                                         0x38 (size before relaxing)
 .eh_frame      0x000000000011e098       0x20 binaries/lftruncate.o
                                         0x38 (size before relaxing)
 .eh_frame      0x000000000011e0b8       0x20 binaries/rflclose.o
                                         0x38 (size before relaxing)
 .eh_frame      0x000000000011e0d8       0x20 binaries/rflgetc.o
                                         0x38 (size before relaxing)
 .eh_frame      0x000000000011e0f8       0x20 binaries/rflinit.o
                                         0x38 (size before relaxing)
 .eh_frame      0x000000000011e118       0x20 binaries/rflputc.o
                                         0x38 (size before relaxing)
 .eh_frame      0x000000000011e138       0x20 binaries/rflread.o
                                         0x38 (size before relaxing)
 .eh_frame      0x000000000011e158       0x20 binaries/rflseek.o
                                         0x38 (size before relaxing)
 .eh_frame      0x000000000011e178       0x20 binaries/rflwrite.o
                                         0x38 (size before relaxing)
 .eh_frame      0x000000000011e198       0x20 binaries/rfscomm.o
                                         0x38 (size before relaxing)
 .eh_frame      0x000000000011e1b8       0x20 binaries/rfscontrol.o
                                         0x38 (size before relaxing)
 .eh_frame      0x000000000011e1d8       0x20 binaries/rfsgetmode.o
                                         0x38 (size before relaxing)
 .eh_frame      0x000000000011e1f8       0x20 binaries/rfsinit.o
                                         0x38 (size before relaxing)
 .eh_frame      0x000000000011e218       0x20 binaries/rfsndmsg.o
                                         0x38 (size before relaxing)
 .eh_frame      0x000000000011e238       0x20 binaries/rfsopen.o
                                         0x38 (size before relaxing)
 .eh_frame      0x000000000011e258       0xc0 binaries/arp.o
                                         0xd8 (size before relaxing)
 .eh_frame      0x000000000011e318       0xa0 binaries/dhcp.o
                                         0xb8 (size before relaxing)
 .eh_frame      0x000000000011e3b8       0x80 binaries/dns.o
                                         0x98 (size before relaxing)
 .eh_frame      0x000000000011e438       0x20 binaries/dot2ip.o
                                         0x38 (size before relaxing)
 .eh_frame      0x000000000011e458       0x40 binaries/hexdump.o
                                         0x58 (size before relaxing)
 .eh_frame      0x000000000011e498      0x150 binaries/icmp.o
                                        0x168 (size before relaxing)
 .eh_frame      0x000000000011e5e8      0x11c binaries/ip.o
                                        0x134 (size before relaxing)
 .eh_frame      0x000000000011e704       0xa0 binaries/net.o
                                         0xb8 (size before relaxing)
 .eh_frame      0x000000000011e7a4       0x60 binaries/pdump.o
                                         0x78 (size before relaxing)
 .eh_frame      0x000000000011e804       0x60 binaries/tftp.o
                                         0x78 (size before relaxing)
 .eh_frame      0x000000000011e864      0x140 binaries/udp.o
                                        0x158 (size before relaxing)
 .eh_frame      0x000000000011e9a4       0x20 binaries/addargs.o
                                         0x38 (size before relaxing)
 .eh_frame      0x000000000011e9c4       0x20 binaries/lexan.o
                                         0x38 (size before relaxing)
 .eh_frame      0x000000000011e9e4       0x20 binaries/shell.o
                                         0x38 (size before relaxing)
 .eh_frame      0x000000000011ea04       0x20 binaries/xsh_argecho.o
                                         0x38 (size before relaxing)
 .eh_frame      0x000000000011ea24       0x40 binaries/xsh_arp.o
                                         0x58 (size before relaxing)
 .eh_frame      0x000000000011ea64       0x20 binaries/xsh_cat.o
                                         0x38 (size before relaxing)
 .eh_frame      0x000000000011ea84       0x20 binaries/xsh_clear.o
                                         0x38 (size before relaxing)
 .eh_frame      0x000000000011eaa4       0x20 binaries/xsh_date.o
                                         0x38 (size before relaxing)
 .eh_frame      0x000000000011eac4       0x20 binaries/xsh_devdump.o
                                         0x38 (size before relaxing)
 .eh_frame      0x000000000011eae4       0x20 binaries/xsh_echo.o
                                         0x38 (size before relaxing)
 .eh_frame      0x000000000011eb04       0x20 binaries/xsh_exit.o
                                         0x38 (size before relaxing)
 .eh_frame      0x000000000011eb24       0x2c binaries/xsh_help.o
                                         0x44 (size before relaxing)
 .eh_frame      0x000000000011eb50       0x20 binaries/xsh_kill.o
                                         0x38 (size before relaxing)
 .eh_frame      0x000000000011eb70       0x2c binaries/xsh_ls.o
                                         0x44 (size before relaxing)
 .eh_frame      0x000000000011eb9c       0x40 binaries/xsh_memdump.o
                                         0x58 (size before relaxing)
 .eh_frame      0x000000000011ebdc       0x60 binaries/xsh_memstat.o
                                         0x78 (size before relaxing)
 .eh_frame      0x000000000011ec3c       0x30 binaries/xsh_netinfo.o
                                         0x48 (size before relaxing)
 .eh_frame      0x000000000011ec6c       0x30 binaries/xsh_ns.o
                                         0x48 (size before relaxing)
 .eh_frame      0x000000000011ec9c       0x28 binaries/xsh_ping.o
                                         0x40 (size before relaxing)
 .eh_frame      0x000000000011ecc4       0x30 binaries/xsh_ps.o
                                         0x48 (size before relaxing)
 .eh_frame      0x000000000011ecf4       0x20 binaries/xsh_sleep.o
                                         0x38 (size before relaxing)
 .eh_frame      0x000000000011ed14       0x20 binaries/xsh_udpdump.o
                                         0x38 (size before relaxing)
 .eh_frame      0x000000000011ed34       0x30 binaries/xsh_udpecho.o
                                         0x48 (size before relaxing)
 .eh_frame      0x000000000011ed64       0x28 binaries/xsh_udpserver.o
                                         0x40 (size before relaxing)
 .eh_frame      0x000000000011ed8c       0x20 binaries/xsh_uptime.o
                                         0x38 (size before relaxing)

.iplt           0x000000000011edac        0x0
 .iplt          0x000000000011edac        0x0 binaries/start.o

.rel.dyn        0x000000000011edac        0x0
 .rel.got       0x000000000011edac        0x0 binaries/start.o
 .rel.iplt      0x000000000011edac        0x0 binaries/start.o
 .rel.text      0x000000000011edac        0x0 binaries/start.o

.data           0x000000000011edc0     0x1240
                0x000000000011edc0                data = ABSOLUTE (.)
 *(.data .data.*)
 .data          0x000000000011edc0      0x460 binaries/start.o
                0x000000000011edc0                gdt
                0x000000000011ee00                gdtr
                0x000000000011ee06                idt
                0x000000000011f206                idtr
                0x000000000011f20c                cpudelay
                0x000000000011f210                _bootdev
                0x000000000011f214                _cyloffset
 .data          0x000000000011f220       0x88 binaries/ascdate.o
                0x000000000011f220                Date
 .data          0x000000000011f2a8        0x0 binaries/bufinit.o
 .data          0x000000000011f2a8        0x0 binaries/burst_execution.o
 .data          0x000000000011f2a8        0x0 binaries/chprio.o
 .data          0x000000000011f2a8        0x4 binaries/clkhandler.o
 .data          0x000000000011f2ac        0x0 binaries/clkinit.o
 .data          0x000000000011f2ac        0x0 binaries/close.o
 *fill*         0x000000000011f2ac       0x14 
 .data          0x000000000011f2c0      0x5a0 binaries/conf.o
                0x000000000011f2c0                devtab
 .data          0x000000000011f860        0x0 binaries/control.o
 .data          0x000000000011f860        0x4 binaries/create.o
 *fill*         0x000000000011f864       0x1c 
 .data          0x000000000011f880       0x40 binaries/evec.o
                0x000000000011f880                inames
 .data          0x000000000011f8c0        0x0 binaries/exit.o
 .data          0x000000000011f8c0        0x0 binaries/freebuf.o
 .data          0x000000000011f8c0        0x0 binaries/freemem.o
 .data          0x000000000011f8c0        0x0 binaries/getbuf.o
 .data          0x000000000011f8c0        0x0 binaries/getc.o
 .data          0x000000000011f8c0        0x0 binaries/getdev.o
 .data          0x000000000011f8c0        0x0 binaries/getitem.o
 .data          0x000000000011f8c0        0x0 binaries/getmem.o
 .data          0x000000000011f8c0        0x0 binaries/getpid.o
 .data          0x000000000011f8c0        0x0 binaries/getprio.o
 .data          0x000000000011f8c0        0x0 binaries/getstk.o
 .data          0x000000000011f8c0        0x0 binaries/getticks.o
 .data          0x000000000011f8c0        0x0 binaries/gettime.o
 .data          0x000000000011f8c0        0x0 binaries/getutime.o
 .data          0x000000000011f8c0       0x40 binaries/i386.o
                0x000000000011f8c0                gdt_copy
 .data          0x000000000011f900        0x0 binaries/init.o
 .data          0x000000000011f900        0x0 binaries/initialize.o
 .data          0x000000000011f900        0x0 binaries/insert.o
 .data          0x000000000011f900        0x0 binaries/insertd.o
 .data          0x000000000011f900        0x0 binaries/ioerr.o
 .data          0x000000000011f900        0x0 binaries/ionull.o
 .data          0x000000000011f900        0x0 binaries/kill.o
 .data          0x000000000011f900        0x0 binaries/kprintf.o
 .data          0x000000000011f900        0x0 binaries/main.o
 .data          0x000000000011f900        0x0 binaries/mark.o
 .data          0x000000000011f900        0x0 binaries/meminit.o
 .data          0x000000000011f900        0x0 binaries/mkbufpool.o
 .data          0x000000000011f900        0x2 binaries/newqueue.o
 .data          0x000000000011f902        0x0 binaries/open.o
 .data          0x000000000011f902        0x0 binaries/panic.o
[...]
 .comment       0x0000000000000023       0x24 binaries/icmp.o
 .comment       0x0000000000000023       0x24 binaries/ip.o
 .comment       0x0000000000000023       0x24 binaries/net.o
 .comment       0x0000000000000023       0x24 binaries/pdump.o
 .comment       0x0000000000000023       0x24 binaries/tftp.o
 .comment       0x0000000000000023       0x24 binaries/udp.o
 .comment       0x0000000000000023       0x24 binaries/addargs.o
 .comment       0x0000000000000023       0x24 binaries/lexan.o
 .comment       0x0000000000000023       0x24 binaries/shell.o
 .comment       0x0000000000000023       0x24 binaries/xsh_argecho.o
 .comment       0x0000000000000023       0x24 binaries/xsh_arp.o
 .comment       0x0000000000000023       0x24 binaries/xsh_cat.o
 .comment       0x0000000000000023       0x24 binaries/xsh_clear.o
 .comment       0x0000000000000023       0x24 binaries/xsh_date.o
 .comment       0x0000000000000023       0x24 binaries/xsh_devdump.o
 .comment       0x0000000000000023       0x24 binaries/xsh_echo.o
 .comment       0x0000000000000023       0x24 binaries/xsh_exit.o
 .comment       0x0000000000000023       0x24 binaries/xsh_help.o
 .comment       0x0000000000000023       0x24 binaries/xsh_kill.o
 .comment       0x0000000000000023       0x24 binaries/xsh_ls.o
 .comment       0x0000000000000023       0x24 binaries/xsh_memdump.o
 .comment       0x0000000000000023       0x24 binaries/xsh_memstat.o
 .comment       0x0000000000000023       0x24 binaries/xsh_netinfo.o
 .comment       0x0000000000000023       0x24 binaries/xsh_ns.o
 .comment       0x0000000000000023       0x24 binaries/xsh_ping.o
 .comment       0x0000000000000023       0x24 binaries/xsh_ps.o
 .comment       0x0000000000000023       0x24 binaries/xsh_sleep.o
 .comment       0x0000000000000023       0x24 binaries/xsh_udpdump.o
 .comment       0x0000000000000023       0x24 binaries/xsh_udpecho.o
 .comment       0x0000000000000023       0x24 binaries/xsh_udpserver.o
 .comment       0x0000000000000023       0x24 binaries/xsh_uptime.o

.note.GNU-stack
                0x0000000000000000        0x0
 .note.GNU-stack
                0x0000000000000000        0x0 binaries/ascdate.o
 .note.GNU-stack
                0x0000000000000000        0x0 binaries/bufinit.o
 .note.GNU-stack
                0x0000000000000000        0x0 binaries/burst_execution.o
 .note.GNU-stack
                0x0000000000000000        0x0 binaries/chprio.o
 .note.GNU-stack
                0x0000000000000000        0x0 binaries/clkhandler.o
 .note.GNU-stack
                0x0000000000000000        0x0 binaries/clkinit.o
 .note.GNU-stack
                0x0000000000000000        0x0 binaries/close.o
 .note.GNU-stack
                0x0000000000000000        0x0 binaries/conf.o
 .note.GNU-stack
                0x0000000000000000        0x0 binaries/control.o
 .note.GNU-stack
                0x0000000000000000        0x0 binaries/create.o
 .note.GNU-stack
                0x0000000000000000        0x0 binaries/evec.o
 .note.GNU-stack
                0x0000000000000000        0x0 binaries/exit.o
 .note.GNU-stack
                0x0000000000000000        0x0 binaries/freebuf.o
 .note.GNU-stack
                0x0000000000000000        0x0 binaries/freemem.o
 .note.GNU-stack
                0x0000000000000000        0x0 binaries/getbuf.o
 .note.GNU-stack
                0x0000000000000000        0x0 binaries/getc.o
 .note.GNU-stack
                0x0000000000000000        0x0 binaries/getdev.o
 .note.GNU-stack
                0x0000000000000000        0x0 binaries/getitem.o
 .note.GNU-stack
                0x0000000000000000        0x0 binaries/getmem.o
 .note.GNU-stack
                0x0000000000000000        0x0 binaries/getpid.o
 .note.GNU-stack
                0x0000000000000000        0x0 binaries/getprio.o
 .note.GNU-stack
                0x0000000000000000        0x0 binaries/getstk.o
 .note.GNU-stack
                0x0000000000000000        0x0 binaries/getticks.o
 .note.GNU-stack
                0x0000000000000000        0x0 binaries/gettime.o
 .note.GNU-stack
                0x0000000000000000        0x0 binaries/getutime.o
 .note.GNU-stack
                0x0000000000000000        0x0 binaries/i386.o
 .note.GNU-stack
                0x0000000000000000        0x0 binaries/init.o
 .note.GNU-stack
                0x0000000000000000        0x0 binaries/initialize.o
 .note.GNU-stack
                0x0000000000000000        0x0 binaries/insert.o
 .note.GNU-stack
                0x0000000000000000        0x0 binaries/insertd.o
 .note.GNU-stack
                0x0000000000000000        0x0 binaries/ioerr.o
 .note.GNU-stack
                0x0000000000000000        0x0 binaries/ionull.o
 .note.GNU-stack
                0x0000000000000000        0x0 binaries/kill.o
 .note.GNU-stack
                0x0000000000000000        0x0 binaries/kprintf.o
 .note.GNU-stack
                0x0000000000000000        0x0 binaries/main.o
 .note.GNU-stack
                0x0000000000000000        0x0 binaries/mark.o
 .note.GNU-stack
                0x0000000000000000        0x0 binaries/meminit.o
 .note.GNU-stack
                0x0000000000000000        0x0 binaries/mkbufpool.o
 .note.GNU-stack
                0x0000000000000000        0x0 binaries/newqueue.o
 .note.GNU-stack
                0x0000000000000000        0x0 binaries/open.o
 .note.GNU-stack
                0x0000000000000000        0x0 binaries/panic.o
 .note.GNU-stack
                0x0000000000000000        0x0 binaries/pci.o
 .note.GNU-stack
                0x0000000000000000        0x0 binaries/ptclear.o
 .note.GNU-stack
                0x0000000000000000        0x0 binaries/ptcount.o
 .note.GNU-stack
                0x0000000000000000        0x0 binaries/ptcreate.o
 .note.GNU-stack
                0x0000000000000000        0x0 binaries/ptdelete.o
 .note.GNU-stack
                0x0000000000000000        0x0 binaries/ptinit.o
 .note.GNU-stack
                0x0000000000000000        0x0 binaries/ptrecv.o
 .note.GNU-stack
                0x0000000000000000        0x0 binaries/ptreset.o
 .note.GNU-stack
                0x0000000000000000        0x0 binaries/ptsend.o
 .note.GNU-stack
                0x0000000000000000        0x0 binaries/putc.o
 .note.GNU-stack
                0x0000000000000000        0x0 binaries/queue.o
 .note.GNU-stack
                0x0000000000000000        0x0 binaries/read.o
 .note.GNU-stack
                0x0000000000000000        0x0 binaries/ready.o
 .note.GNU-stack
                0x0000000000000000        0x0 binaries/receive.o
 .note.GNU-stack
                0x0000000000000000        0x0 binaries/recvclr.o
 .note.GNU-stack
                0x0000000000000000        0x0 binaries/recvtime.o
 .note.GNU-stack
                0x0000000000000000        0x0 binaries/resched.o
 .note.GNU-stack
                0x0000000000000000        0x0 binaries/resume.o
 .note.GNU-stack
                0x0000000000000000        0x0 binaries/seek.o
 .note.GNU-stack
                0x0000000000000000        0x0 binaries/semcount.o
 .note.GNU-stack
                0x0000000000000000        0x0 binaries/semcreate.o
 .note.GNU-stack
                0x0000000000000000        0x0 binaries/semdelete.o
 .note.GNU-stack
                0x0000000000000000        0x0 binaries/semreset.o
 .note.GNU-stack
                0x0000000000000000        0x0 binaries/send.o
 .note.GNU-stack
                0x0000000000000000        0x0 binaries/signal.o
 .note.GNU-stack
                0x0000000000000000        0x0 binaries/signaln.o
 .note.GNU-stack
                0x0000000000000000        0x0 binaries/sleep.o
 .note.GNU-stack
                0x0000000000000000        0x0 binaries/stacktrace.o
 .note.GNU-stack
                0x0000000000000000        0x0 binaries/suspend.o
 .note.GNU-stack
                0x0000000000000000        0x0 binaries/unsleep.o
 .note.GNU-stack
                0x0000000000000000        0x0 binaries/userret.o
 .note.GNU-stack
                0x0000000000000000        0x0 binaries/wait.o
 .note.GNU-stack
                0x0000000000000000        0x0 binaries/wakeup.o
 .note.GNU-stack
                0x0000000000000000        0x0 binaries/write.o
 .note.GNU-stack
                0x0000000000000000        0x0 binaries/xdone.o
 .note.GNU-stack
                0x0000000000000000        0x0 binaries/yield.o
 .note.GNU-stack
                0x0000000000000000        0x0 binaries/abs.o
 .note.GNU-stack
                0x0000000000000000        0x0 binaries/atoi.o
 .note.GNU-stack
                0x0000000000000000        0x0 binaries/atol.o
 .note.GNU-stack
                0x0000000000000000        0x0 binaries/bzero.o
 .note.GNU-stack
                0x0000000000000000        0x0 binaries/ctype_.o
 .note.GNU-stack
                0x0000000000000000        0x0 binaries/doprnt.o
 .note.GNU-stack
                0x0000000000000000        0x0 binaries/doscan.o
 .note.GNU-stack
                0x0000000000000000        0x0 binaries/fdoprnt.o
 .note.GNU-stack
                0x0000000000000000        0x0 binaries/fgetc.o
 .note.GNU-stack
                0x0000000000000000        0x0 binaries/fgets.o
 .note.GNU-stack
                0x0000000000000000        0x0 binaries/fprintf.o
 .note.GNU-stack
                0x0000000000000000        0x0 binaries/fputc.o
 .note.GNU-stack
                0x0000000000000000        0x0 binaries/fputs.o
 .note.GNU-stack
                0x0000000000000000        0x0 binaries/fscanf.o
 .note.GNU-stack
                0x0000000000000000        0x0 binaries/getchar.o
 .note.GNU-stack
                0x0000000000000000        0x0 binaries/labs.o
 .note.GNU-stack
                0x0000000000000000        0x0 binaries/memcmp.o
 .note.GNU-stack
                0x0000000000000000        0x0 binaries/memcpy.o
 .note.GNU-stack
                0x0000000000000000        0x0 binaries/memset.o
 .note.GNU-stack
                0x0000000000000000        0x0 binaries/printf.o
 .note.GNU-stack
                0x0000000000000000        0x0 binaries/putchar.o
 .note.GNU-stack
                0x0000000000000000        0x0 binaries/qsort.o
 .note.GNU-stack
                0x0000000000000000        0x0 binaries/rand.o
 .note.GNU-stack
                0x0000000000000000        0x0 binaries/sprintf.o
 .note.GNU-stack
                0x0000000000000000        0x0 binaries/sscanf.o
 .note.GNU-stack
                0x0000000000000000        0x0 binaries/strchr.o
 .note.GNU-stack
                0x0000000000000000        0x0 binaries/strcmp.o
 .note.GNU-stack
                0x0000000000000000        0x0 binaries/strcpy.o
 .note.GNU-stack
                0x0000000000000000        0x0 binaries/strlen.o
 .note.GNU-stack
                0x0000000000000000        0x0 binaries/strncat.o
 .note.GNU-stack
                0x0000000000000000        0x0 binaries/strncmp.o
 .note.GNU-stack
                0x0000000000000000        0x0 binaries/strncpy.o
 .note.GNU-stack
                0x0000000000000000        0x0 binaries/strnlen.o
 .note.GNU-stack
                0x0000000000000000        0x0 binaries/strrchr.o
 .note.GNU-stack
                0x0000000000000000        0x0 binaries/strstr.o
 .note.GNU-stack
                0x0000000000000000        0x0 binaries/ttycontrol.o
 .note.GNU-stack
                0x0000000000000000        0x0 binaries/ttygetc.o
 .note.GNU-stack
                0x0000000000000000        0x0 binaries/ttyhandle_in.o
 .note.GNU-stack
                0x0000000000000000        0x0 binaries/ttyhandle_out.o
 .note.GNU-stack
                0x0000000000000000        0x0 binaries/ttyhandler.o
 .note.GNU-stack
                0x0000000000000000        0x0 binaries/ttyinit.o
 .note.GNU-stack
                0x0000000000000000        0x0 binaries/ttykickout.o
 .note.GNU-stack
                0x0000000000000000        0x0 binaries/ttyputc.o
 .note.GNU-stack
                0x0000000000000000        0x0 binaries/ttyread.o
 .note.GNU-stack
                0x0000000000000000        0x0 binaries/ttywrite.o
 .note.GNU-stack
                0x0000000000000000        0x0 binaries/mount.o
 .note.GNU-stack
                0x0000000000000000        0x0 binaries/naminit.o
 .note.GNU-stack
                0x0000000000000000        0x0 binaries/nammap.o
 .note.GNU-stack
                0x0000000000000000        0x0 binaries/namopen.o
 .note.GNU-stack
                0x0000000000000000        0x0 binaries/82545EMInit.o
 .note.GNU-stack
                0x0000000000000000        0x0 binaries/ethcontrol.o
 .note.GNU-stack
                0x0000000000000000        0x0 binaries/ethhandler.o
 .note.GNU-stack
                0x0000000000000000        0x0 binaries/ethinit.o
 .note.GNU-stack
                0x0000000000000000        0x0 binaries/ethread.o
 .note.GNU-stack
                0x0000000000000000        0x0 binaries/ethwrite.o
 .note.GNU-stack
                0x0000000000000000        0x0 binaries/rdscomm.o
 .note.GNU-stack
                0x0000000000000000        0x0 binaries/rdscontrol.o
 .note.GNU-stack
                0x0000000000000000        0x0 binaries/rdsinit.o
 .note.GNU-stack
                0x0000000000000000        0x0 binaries/rdsopen.o
 .note.GNU-stack
                0x0000000000000000        0x0 binaries/rdsprocess.o
 .note.GNU-stack
                0x0000000000000000        0x0 binaries/rdsqfcns.o
 .note.GNU-stack
                0x0000000000000000        0x0 binaries/rdsread.o
 .note.GNU-stack
                0x0000000000000000        0x0 binaries/rdssetprio.o
 .note.GNU-stack
                0x0000000000000000        0x0 binaries/rdswrite.o
 .note.GNU-stack
                0x0000000000000000        0x0 binaries/ramclose.o
 .note.GNU-stack
                0x0000000000000000        0x0 binaries/raminit.o
 .note.GNU-stack
                0x0000000000000000        0x0 binaries/ramopen.o
 .note.GNU-stack
                0x0000000000000000        0x0 binaries/ramread.o
 .note.GNU-stack
                0x0000000000000000        0x0 binaries/ramwrite.o
 .note.GNU-stack
                0x0000000000000000        0x0 binaries/lfdballoc.o
 .note.GNU-stack
                0x0000000000000000        0x0 binaries/lfdbfree.o
 .note.GNU-stack
                0x0000000000000000        0x0 binaries/lfflush.o
 .note.GNU-stack
                0x0000000000000000        0x0 binaries/lfgetmode.o
 .note.GNU-stack
                0x0000000000000000        0x0 binaries/lfiballoc.o
 .note.GNU-stack
                0x0000000000000000        0x0 binaries/lfibclear.o
 .note.GNU-stack
                0x0000000000000000        0x0 binaries/lfibget.o
 .note.GNU-stack
                0x0000000000000000        0x0 binaries/lfibput.o
 .note.GNU-stack
                0x0000000000000000        0x0 binaries/lflclose.o
 .note.GNU-stack
                0x0000000000000000        0x0 binaries/lflcontrol.o
 .note.GNU-stack
                0x0000000000000000        0x0 binaries/lflgetc.o
 .note.GNU-stack
                0x0000000000000000        0x0 binaries/lflinit.o
 .note.GNU-stack
                0x0000000000000000        0x0 binaries/lflputc.o
 .note.GNU-stack
                0x0000000000000000        0x0 binaries/lflread.o
 .note.GNU-stack
                0x0000000000000000        0x0 binaries/lflseek.o
 .note.GNU-stack
                0x0000000000000000        0x0 binaries/lflwrite.o
 .note.GNU-stack
                0x0000000000000000        0x0 binaries/lfscheck.o
 .note.GNU-stack
                0x0000000000000000        0x0 binaries/lfsckfmt.o
 .note.GNU-stack
                0x0000000000000000        0x0 binaries/lfscreate.o
 .note.GNU-stack
                0x0000000000000000        0x0 binaries/lfsetup.o
 .note.GNU-stack
                0x0000000000000000        0x0 binaries/lfsinit.o
 .note.GNU-stack
                0x0000000000000000        0x0 binaries/lfsopen.o
 .note.GNU-stack
                0x0000000000000000        0x0 binaries/lftruncate.o
 .note.GNU-stack
                0x0000000000000000        0x0 binaries/rflclose.o
 .note.GNU-stack
                0x0000000000000000        0x0 binaries/rflgetc.o
 .note.GNU-stack
                0x0000000000000000        0x0 binaries/rflinit.o
 .note.GNU-stack
                0x0000000000000000        0x0 binaries/rflputc.o
 .note.GNU-stack
                0x0000000000000000        0x0 binaries/rflread.o
 .note.GNU-stack
                0x0000000000000000        0x0 binaries/rflseek.o
 .note.GNU-stack
                0x0000000000000000        0x0 binaries/rflwrite.o
 .note.GNU-stack
                0x0000000000000000        0x0 binaries/rfscomm.o
 .note.GNU-stack
                0x0000000000000000        0x0 binaries/rfscontrol.o
 .note.GNU-stack
                0x0000000000000000        0x0 binaries/rfsgetmode.o
 .note.GNU-stack
                0x0000000000000000        0x0 binaries/rfsinit.o
 .note.GNU-stack
                0x0000000000000000        0x0 binaries/rfsndmsg.o
 .note.GNU-stack
                0x0000000000000000        0x0 binaries/rfsopen.o
 .note.GNU-stack
                0x0000000000000000        0x0 binaries/arp.o
 .note.GNU-stack
                0x0000000000000000        0x0 binaries/dhcp.o
 .note.GNU-stack
                0x0000000000000000        0x0 binaries/dns.o
 .note.GNU-stack
                0x0000000000000000        0x0 binaries/dot2ip.o
 .note.GNU-stack
                0x0000000000000000        0x0 binaries/hexdump.o
 .note.GNU-stack
                0x0000000000000000        0x0 binaries/icmp.o
 .note.GNU-stack
                0x0000000000000000        0x0 binaries/ip.o
 .note.GNU-stack
                0x0000000000000000        0x0 binaries/net.o
 .note.GNU-stack
                0x0000000000000000        0x0 binaries/pdump.o
 .note.GNU-stack
                0x0000000000000000        0x0 binaries/tftp.o
 .note.GNU-stack
                0x0000000000000000        0x0 binaries/udp.o
 .note.GNU-stack
                0x0000000000000000        0x0 binaries/addargs.o
 .note.GNU-stack
                0x0000000000000000        0x0 binaries/lexan.o
 .note.GNU-stack
                0x0000000000000000        0x0 binaries/shell.o
 .note.GNU-stack
                0x0000000000000000        0x0 binaries/xsh_argecho.o
 .note.GNU-stack
                0x0000000000000000        0x0 binaries/xsh_arp.o
 .note.GNU-stack
                0x0000000000000000        0x0 binaries/xsh_cat.o
 .note.GNU-stack
                0x0000000000000000        0x0 binaries/xsh_clear.o
 .note.GNU-stack
                0x0000000000000000        0x0 binaries/xsh_date.o
 .note.GNU-stack
                0x0000000000000000        0x0 binaries/xsh_devdump.o
 .note.GNU-stack
                0x0000000000000000        0x0 binaries/xsh_echo.o
 .note.GNU-stack
                0x0000000000000000        0x0 binaries/xsh_exit.o
 .note.GNU-stack
                0x0000000000000000        0x0 binaries/xsh_help.o
 .note.GNU-stack
                0x0000000000000000        0x0 binaries/xsh_kill.o
 .note.GNU-stack
                0x0000000000000000        0x0 binaries/xsh_ls.o
 .note.GNU-stack
                0x0000000000000000        0x0 binaries/xsh_memdump.o
 .note.GNU-stack
                0x0000000000000000        0x0 binaries/xsh_memstat.o
 .note.GNU-stack
                0x0000000000000000        0x0 binaries/xsh_netinfo.o
 .note.GNU-stack
                0x0000000000000000        0x0 binaries/xsh_ns.o
 .note.GNU-stack
                0x0000000000000000        0x0 binaries/xsh_ping.o
 .note.GNU-stack
                0x0000000000000000        0x0 binaries/xsh_ps.o
 .note.GNU-stack
                0x0000000000000000        0x0 binaries/xsh_sleep.o
 .note.GNU-stack
                0x0000000000000000        0x0 binaries/xsh_udpdump.o
 .note.GNU-stack
                0x0000000000000000        0x0 binaries/xsh_udpecho.o
 .note.GNU-stack
                0x0000000000000000        0x0 binaries/xsh_udpserver.o
 .note.GNU-stack
                0x0000000000000000        0x0 binaries/xsh_uptime.o
